<html>
<body>
<pre>
<h1>µVision Build Log</h1>
<h2>Tool Versions:</h2>
IDE-Version: ¦ÌVision V5.14.0.0
Copyright (C) 2015 ARM Ltd and ARM Germany GmbH. All rights reserved.
License Information: wb liu, n, LIC=----
 
Tool Versions:
Toolchain:       MDK-Lite  Version: 5.14.0.0
Toolchain Path:  D:\Program Files (x86)\Keill_5\ARM\ARMCC\Bin
C Compiler:      Armcc.exe V5.05 update 1 (build 106)
Assembler:       Armasm.exe V5.05 update 1 (build 106)
Linker/Locator:  ArmLink.exe V5.05 update 1 (build 106)
Library Manager: ArmAr.exe V5.05 update 1 (build 106)
Hex Converter:   FromElf.exe V5.05 update 1 (build 106)
CPU DLL:         SARMCM3.DLL V5.14.0.0
Dialog DLL:      DCM.DLL V1.13.1.0
Target DLL:      Segger\JL2CM3.dll V2.99.13.0
Dialog DLL:      TCM.DLL V1.14.4.0
 
<h2>Project:</h2>
D:\build\BCar_STP\Template.uvprojx
Project File Date:  02/19/2018

<h2>Output:</h2>
Build target 'Target 1'
compiling main.c...
.\USER\inc\uart.h(6): warning:  #1295-D: Deprecated declaration uart_init - give arg types
  void uart_init();
.\USER\inc\uart.h(9): warning:  #1-D: last line of file ends without a newline
  #endif
.\USER\inc\delay.h(5): warning:  #1295-D: Deprecated declaration delay_init - give arg types
  void delay_init();
.\USER\inc\mpu6050.h(39): warning:  #1295-D: Deprecated declaration MPU_Init - give arg types
   void MPU_Init();
.\USER\inc\mpu6050.h(47): warning:  #1295-D: Deprecated declaration MPU_isReady - give arg types
   int MPU_isReady();
.\USER\inc\mpu6050.h(55): warning:  #1295-D: Deprecated declaration MPU_WakeUp - give arg types
   void MPU_WakeUp();
.\USER\inc\balance.h(11): warning:  #1-D: last line of file ends without a newline
  #endif
main.c: 7 warnings, 0 errors
linking...
Program Size: Code=12140 RO-data=420 RW-data=180 ZI-data=1044  
".\Objects\Template.axf" - 0 Error(s), 7 Warning(s).

<h2>Collection of Component include folders:</h2>
  D:\build\BCar_STP\RTE
  D:\Program Files (x86)\Keill_5\ARM\PACK\Keil\STM32F1xx_DFP\1.0.5\Device\Include

<h2>Collection of Component Files used:</h2>
</pre>
</body>
</html>
