Component: ARM Compiler 5.05 update 1 (build 106) Tool: armlink [4d0efa]

==============================================================================

Section Cross References

    banlance.o(i.balanceControl) refers to fmul.o(.text) for __aeabi_fmul
    banlance.o(i.balanceControl) refers to fadd.o(.text) for __aeabi_fsub
    banlance.o(i.balanceControl) refers to ffixi.o(.text) for __aeabi_f2iz
    banlance.o(i.balanceControl) refers to fflti.o(.text) for __aeabi_i2f
    banlance.o(i.balanceControl) refers to banlance.o(.data) for BALANCE_KD
    banlance.o(i.directionControl) refers to fflti.o(.text) for __aeabi_i2f
    banlance.o(i.directionControl) refers to fmul.o(.text) for __aeabi_fmul
    banlance.o(i.directionControl) refers to fadd.o(.text) for __aeabi_fadd
    banlance.o(i.directionControl) refers to ffixi.o(.text) for __aeabi_f2iz
    banlance.o(i.directionControl) refers to banlance.o(.data) for err
    banlance.o(i.getAngle) refers to mpu6050.o(i.MPU_ReadAx) for MPU_ReadAx
    banlance.o(i.getAngle) refers to mpu6050.o(i.MPU_ReadAz) for MPU_ReadAz
    banlance.o(i.getAngle) refers to mpu6050.o(i.MPU_ReadGy) for MPU_ReadGy
    banlance.o(i.getAngle) refers to dflti.o(.text) for __aeabi_i2d
    banlance.o(i.getAngle) refers to ddiv.o(.text) for __aeabi_ddiv
    banlance.o(i.getAngle) refers to d2f.o(.text) for __aeabi_d2f
    banlance.o(i.getAngle) refers to fflti.o(.text) for __aeabi_i2f
    banlance.o(i.getAngle) refers to fdiv.o(.text) for __aeabi_fdiv
    banlance.o(i.getAngle) refers to f2d.o(.text) for __aeabi_f2d
    banlance.o(i.getAngle) refers to atan.o(i.atan) for atan
    banlance.o(i.getAngle) refers to dmul.o(.text) for __aeabi_dmul
    banlance.o(i.pwmOutputL) refers to stm32f10x_tim.o(i.TIM_SetCompare3) for TIM_SetCompare3
    banlance.o(i.pwmOutputL) refers to stm32f10x_tim.o(i.TIM_SetCompare4) for TIM_SetCompare4
    banlance.o(i.pwmOutputR) refers to stm32f10x_tim.o(i.TIM_SetCompare1) for TIM_SetCompare1
    banlance.o(i.pwmOutputR) refers to stm32f10x_tim.o(i.TIM_SetCompare2) for TIM_SetCompare2
    banlance.o(i.speedControl) refers to fflti.o(.text) for __aeabi_i2f
    banlance.o(i.speedControl) refers to fadd.o(.text) for __aeabi_fadd
    banlance.o(i.speedControl) refers to cfrcmple.o(.text) for __aeabi_cfrcmple
    banlance.o(i.speedControl) refers to cfcmple.o(.text) for __aeabi_cfcmple
    banlance.o(i.speedControl) refers to fmul.o(.text) for __aeabi_fmul
    banlance.o(i.speedControl) refers to ffixi.o(.text) for __aeabi_f2iz
    banlance.o(i.speedControl) refers to banlance.o(.data) for err
    mpu6050.o(i.I2C_Receive) refers to stm32f10x_i2c.o(i.I2C_GenerateSTART) for I2C_GenerateSTART
    mpu6050.o(i.I2C_Receive) refers to stm32f10x_i2c.o(i.I2C_CheckEvent) for I2C_CheckEvent
    mpu6050.o(i.I2C_Receive) refers to stm32f10x_i2c.o(i.I2C_Send7bitAddress) for I2C_Send7bitAddress
    mpu6050.o(i.I2C_Receive) refers to stm32f10x_i2c.o(i.I2C_AcknowledgeConfig) for I2C_AcknowledgeConfig
    mpu6050.o(i.I2C_Receive) refers to stm32f10x_i2c.o(i.I2C_GenerateSTOP) for I2C_GenerateSTOP
    mpu6050.o(i.I2C_Receive) refers to stm32f10x_i2c.o(i.I2C_GetFlagStatus) for I2C_GetFlagStatus
    mpu6050.o(i.I2C_Receive) refers to stm32f10x_i2c.o(i.I2C_ReceiveData) for I2C_ReceiveData
    mpu6050.o(i.I2C_Transmit) refers to stm32f10x_i2c.o(i.I2C_GenerateSTART) for I2C_GenerateSTART
    mpu6050.o(i.I2C_Transmit) refers to stm32f10x_i2c.o(i.I2C_CheckEvent) for I2C_CheckEvent
    mpu6050.o(i.I2C_Transmit) refers to stm32f10x_i2c.o(i.I2C_Send7bitAddress) for I2C_Send7bitAddress
    mpu6050.o(i.I2C_Transmit) refers to stm32f10x_i2c.o(i.I2C_SendData) for I2C_SendData
    mpu6050.o(i.I2C_Transmit) refers to stm32f10x_i2c.o(i.I2C_GenerateSTOP) for I2C_GenerateSTOP
    mpu6050.o(i.MPU_Init) refers to stm32f10x_rcc.o(i.RCC_APB1PeriphClockCmd) for RCC_APB1PeriphClockCmd
    mpu6050.o(i.MPU_Init) refers to stm32f10x_rcc.o(i.RCC_APB2PeriphClockCmd) for RCC_APB2PeriphClockCmd
    mpu6050.o(i.MPU_Init) refers to stm32f10x_i2c.o(i.I2C_StructInit) for I2C_StructInit
    mpu6050.o(i.MPU_Init) refers to stm32f10x_i2c.o(i.I2C_Init) for I2C_Init
    mpu6050.o(i.MPU_Init) refers to stm32f10x_gpio.o(i.GPIO_Init) for GPIO_Init
    mpu6050.o(i.MPU_Init) refers to stm32f10x_i2c.o(i.I2C_Cmd) for I2C_Cmd
    mpu6050.o(i.MPU_ReadAx) refers to mpu6050.o(i.MPU_ReadReg16) for MPU_ReadReg16
    mpu6050.o(i.MPU_ReadAy) refers to mpu6050.o(i.MPU_ReadReg16) for MPU_ReadReg16
    mpu6050.o(i.MPU_ReadAz) refers to mpu6050.o(i.MPU_ReadReg16) for MPU_ReadReg16
    mpu6050.o(i.MPU_ReadBytes) refers to mpu6050.o(i.I2C_Transmit) for I2C_Transmit
    mpu6050.o(i.MPU_ReadBytes) refers to mpu6050.o(i.I2C_Receive) for I2C_Receive
    mpu6050.o(i.MPU_ReadGx) refers to mpu6050.o(i.MPU_ReadReg16) for MPU_ReadReg16
    mpu6050.o(i.MPU_ReadGy) refers to mpu6050.o(i.MPU_ReadReg16) for MPU_ReadReg16
    mpu6050.o(i.MPU_ReadGz) refers to mpu6050.o(i.MPU_ReadReg16) for MPU_ReadReg16
[...]
    Removing stm32f10x_dac.o(i.DAC_StructInit), (12 bytes).
    Removing stm32f10x_dac.o(i.DAC_WaveGenerationCmd), (40 bytes).
    Removing stm32f10x_dbgmcu.o(i.DBGMCU_Config), (32 bytes).
    Removing stm32f10x_dbgmcu.o(i.DBGMCU_GetDEVID), (16 bytes).
    Removing stm32f10x_dbgmcu.o(i.DBGMCU_GetREVID), (12 bytes).
    Removing stm32f10x_dma.o(i.DMA_ClearFlag), (28 bytes).
    Removing stm32f10x_dma.o(i.DMA_ClearITPendingBit), (28 bytes).
    Removing stm32f10x_dma.o(i.DMA_Cmd), (24 bytes).
    Removing stm32f10x_dma.o(i.DMA_DeInit), (332 bytes).
    Removing stm32f10x_dma.o(i.DMA_GetCurrDataCounter), (8 bytes).
    Removing stm32f10x_dma.o(i.DMA_GetFlagStatus), (44 bytes).
    Removing stm32f10x_dma.o(i.DMA_GetITStatus), (44 bytes).
    Removing stm32f10x_dma.o(i.DMA_ITConfig), (18 bytes).
    Removing stm32f10x_dma.o(i.DMA_Init), (60 bytes).
    Removing stm32f10x_dma.o(i.DMA_SetCurrDataCounter), (4 bytes).
    Removing stm32f10x_dma.o(i.DMA_StructInit), (26 bytes).
    Removing stm32f10x_exti.o(i.EXTI_ClearFlag), (12 bytes).
    Removing stm32f10x_exti.o(i.EXTI_ClearITPendingBit), (12 bytes).
    Removing stm32f10x_exti.o(i.EXTI_DeInit), (36 bytes).
    Removing stm32f10x_exti.o(i.EXTI_GenerateSWInterrupt), (16 bytes).
    Removing stm32f10x_exti.o(i.EXTI_GetFlagStatus), (24 bytes).
    Removing stm32f10x_exti.o(i.EXTI_GetITStatus), (40 bytes).
    Removing stm32f10x_exti.o(i.EXTI_Init), (148 bytes).
    Removing stm32f10x_exti.o(i.EXTI_StructInit), (16 bytes).
    Removing stm32f10x_flash.o(i.FLASH_ClearFlag), (12 bytes).
    Removing stm32f10x_flash.o(i.FLASH_EnableWriteProtection), (196 bytes).
    Removing stm32f10x_flash.o(i.FLASH_EraseAllBank1Pages), (72 bytes).
    Removing stm32f10x_flash.o(i.FLASH_EraseAllPages), (72 bytes).
    Removing stm32f10x_flash.o(i.FLASH_EraseOptionBytes), (168 bytes).
    Removing stm32f10x_flash.o(i.FLASH_ErasePage), (76 bytes).
    Removing stm32f10x_flash.o(i.FLASH_GetBank1Status), (52 bytes).
    Removing stm32f10x_flash.o(i.FLASH_GetFlagStatus), (48 bytes).
    Removing stm32f10x_flash.o(i.FLASH_GetPrefetchBufferStatus), (24 bytes).
    Removing stm32f10x_flash.o(i.FLASH_GetReadOutProtectionStatus), (24 bytes).
    Removing stm32f10x_flash.o(i.FLASH_GetStatus), (52 bytes).
    Removing stm32f10x_flash.o(i.FLASH_GetUserOptionByte), (12 bytes).
    Removing stm32f10x_flash.o(i.FLASH_GetWriteProtectionOptionByte), (12 bytes).
    Removing stm32f10x_flash.o(i.FLASH_HalfCycleAccessCmd), (28 bytes).
    Removing stm32f10x_flash.o(i.FLASH_ITConfig), (32 bytes).
    Removing stm32f10x_flash.o(i.FLASH_Lock), (20 bytes).
    Removing stm32f10x_flash.o(i.FLASH_LockBank1), (20 bytes).
    Removing stm32f10x_flash.o(i.FLASH_PrefetchBufferCmd), (28 bytes).
    Removing stm32f10x_flash.o(i.FLASH_ProgramHalfWord), (64 bytes).
    Removing stm32f10x_flash.o(i.FLASH_ProgramOptionByteData), (84 bytes).
    Removing stm32f10x_flash.o(i.FLASH_ProgramWord), (108 bytes).
    Removing stm32f10x_flash.o(i.FLASH_ReadOutProtection), (172 bytes).
    Removing stm32f10x_flash.o(i.FLASH_SetLatency), (24 bytes).
    Removing stm32f10x_flash.o(i.FLASH_Unlock), (24 bytes).
    Removing stm32f10x_flash.o(i.FLASH_UnlockBank1), (24 bytes).
    Removing stm32f10x_flash.o(i.FLASH_UserOptionByteConfig), (104 bytes).
    Removing stm32f10x_flash.o(i.FLASH_WaitForLastBank1Operation), (38 bytes).
    Removing stm32f10x_flash.o(i.FLASH_WaitForLastOperation), (38 bytes).
    Removing stm32f10x_fsmc.o(i.FSMC_ClearFlag), (64 bytes).
    Removing stm32f10x_fsmc.o(i.FSMC_ClearITPendingBit), (72 bytes).
    Removing stm32f10x_fsmc.o(i.FSMC_GetECC), (28 bytes).
    Removing stm32f10x_fsmc.o(i.FSMC_GetFlagStatus), (56 bytes).
    Removing stm32f10x_fsmc.o(i.FSMC_GetITStatus), (68 bytes).
    Removing stm32f10x_fsmc.o(i.FSMC_ITConfig), (128 bytes).
    Removing stm32f10x_fsmc.o(i.FSMC_NANDCmd), (92 bytes).
    Removing stm32f10x_fsmc.o(i.FSMC_NANDDeInit), (68 bytes).
    Removing stm32f10x_fsmc.o(i.FSMC_NANDECCCmd), (92 bytes).
    Removing stm32f10x_fsmc.o(i.FSMC_NANDInit), (136 bytes).
    Removing stm32f10x_fsmc.o(i.FSMC_NANDStructInit), (54 bytes).
    Removing stm32f10x_fsmc.o(i.FSMC_NORSRAMCmd), (52 bytes).
    Removing stm32f10x_fsmc.o(i.FSMC_NORSRAMDeInit), (54 bytes).
    Removing stm32f10x_fsmc.o(i.FSMC_NORSRAMInit), (230 bytes).
    Removing stm32f10x_fsmc.o(i.FSMC_NORSRAMStructInit), (114 bytes).
    Removing stm32f10x_fsmc.o(i.FSMC_PCCARDCmd), (48 bytes).
    Removing stm32f10x_fsmc.o(i.FSMC_PCCARDDeInit), (40 bytes).
    Removing stm32f10x_fsmc.o(i.FSMC_PCCARDInit), (132 bytes).
    Removing stm32f10x_fsmc.o(i.FSMC_PCCARDStructInit), (60 bytes).
    Removing stm32f10x_gpio.o(i.GPIO_AFIODeInit), (20 bytes).
    Removing stm32f10x_gpio.o(i.GPIO_DeInit), (200 bytes).
    Removing stm32f10x_gpio.o(i.GPIO_ETH_MediaInterfaceConfig), (12 bytes).
    Removing stm32f10x_gpio.o(i.GPIO_EXTILineConfig), (64 bytes).
    Removing stm32f10x_gpio.o(i.GPIO_EventOutputCmd), (12 bytes).
    Removing stm32f10x_gpio.o(i.GPIO_EventOutputConfig), (32 bytes).
    Removing stm32f10x_gpio.o(i.GPIO_PinLockConfig), (18 bytes).
    Removing stm32f10x_gpio.o(i.GPIO_PinRemapConfig), (144 bytes).
    Removing stm32f10x_gpio.o(i.GPIO_ReadInputData), (8 bytes).
    Removing stm32f10x_gpio.o(i.GPIO_ReadInputDataBit), (18 bytes).
    Removing stm32f10x_gpio.o(i.GPIO_ReadOutputData), (8 bytes).
    Removing stm32f10x_gpio.o(i.GPIO_ReadOutputDataBit), (18 bytes).
    Removing stm32f10x_gpio.o(i.GPIO_ResetBits), (4 bytes).
    Removing stm32f10x_gpio.o(i.GPIO_SetBits), (4 bytes).
    Removing stm32f10x_gpio.o(i.GPIO_StructInit), (16 bytes).
    Removing stm32f10x_gpio.o(i.GPIO_Write), (4 bytes).
    Removing stm32f10x_gpio.o(i.GPIO_WriteBit), (10 bytes).
    Removing stm32f10x_i2c.o(i.I2C_ARPCmd), (24 bytes).
    Removing stm32f10x_i2c.o(i.I2C_CalculatePEC), (24 bytes).
    Removing stm32f10x_i2c.o(i.I2C_ClearFlag), (12 bytes).
    Removing stm32f10x_i2c.o(i.I2C_ClearITPendingBit), (12 bytes).
    Removing stm32f10x_i2c.o(i.I2C_DMACmd), (24 bytes).
    Removing stm32f10x_i2c.o(i.I2C_DMALastTransferCmd), (24 bytes).
    Removing stm32f10x_i2c.o(i.I2C_DeInit), (56 bytes).
    Removing stm32f10x_i2c.o(i.I2C_DualAddressCmd), (24 bytes).
    Removing stm32f10x_i2c.o(i.I2C_FastModeDutyCycleConfig), (28 bytes).
    Removing stm32f10x_i2c.o(i.I2C_GeneralCallCmd), (24 bytes).
    Removing stm32f10x_i2c.o(i.I2C_GetITStatus), (38 bytes).
    Removing stm32f10x_i2c.o(i.I2C_GetLastEvent), (26 bytes).
    Removing stm32f10x_i2c.o(i.I2C_GetPEC), (8 bytes).
    Removing stm32f10x_i2c.o(i.I2C_ITConfig), (18 bytes).
    Removing stm32f10x_i2c.o(i.I2C_NACKPositionConfig), (28 bytes).
    Removing stm32f10x_i2c.o(i.I2C_OwnAddress2Config), (22 bytes).
    Removing stm32f10x_i2c.o(i.I2C_PECPositionConfig), (28 bytes).
    Removing stm32f10x_i2c.o(i.I2C_ReadRegister), (22 bytes).
    Removing stm32f10x_i2c.o(i.I2C_SMBusAlertConfig), (28 bytes).
    Removing stm32f10x_i2c.o(i.I2C_SoftwareResetCmd), (22 bytes).
    Removing stm32f10x_i2c.o(i.I2C_StretchClockCmd), (24 bytes).
    Removing stm32f10x_i2c.o(i.I2C_TransmitPEC), (24 bytes).
    Removing stm32f10x_iwdg.o(i.IWDG_Enable), (16 bytes).
    Removing stm32f10x_iwdg.o(i.IWDG_GetFlagStatus), (24 bytes).
    Removing stm32f10x_iwdg.o(i.IWDG_ReloadCounter), (16 bytes).
    Removing stm32f10x_iwdg.o(i.IWDG_SetPrescaler), (12 bytes).
    Removing stm32f10x_iwdg.o(i.IWDG_SetReload), (12 bytes).
    Removing stm32f10x_iwdg.o(i.IWDG_WriteAccessCmd), (12 bytes).
    Removing stm32f10x_pwr.o(i.PWR_BackupAccessCmd), (12 bytes).
    Removing stm32f10x_pwr.o(i.PWR_ClearFlag), (20 bytes).
    Removing stm32f10x_pwr.o(i.PWR_DeInit), (22 bytes).
    Removing stm32f10x_pwr.o(i.PWR_EnterSTANDBYMode), (52 bytes).
    Removing stm32f10x_pwr.o(i.PWR_EnterSTOPMode), (64 bytes).
    Removing stm32f10x_pwr.o(i.PWR_GetFlagStatus), (24 bytes).
    Removing stm32f10x_pwr.o(i.PWR_PVDCmd), (12 bytes).
    Removing stm32f10x_pwr.o(i.PWR_PVDLevelConfig), (24 bytes).
    Removing stm32f10x_pwr.o(i.PWR_WakeUpPinCmd), (12 bytes).
    Removing stm32f10x_rcc.o(i.RCC_ADCCLKConfig), (24 bytes).
    Removing stm32f10x_rcc.o(i.RCC_AHBPeriphClockCmd), (32 bytes).
    Removing stm32f10x_rcc.o(i.RCC_APB1PeriphResetCmd), (32 bytes).
    Removing stm32f10x_rcc.o(i.RCC_APB2PeriphResetCmd), (32 bytes).
    Removing stm32f10x_rcc.o(i.RCC_AdjustHSICalibrationValue), (24 bytes).
    Removing stm32f10x_rcc.o(i.RCC_BackupResetCmd), (12 bytes).
    Removing stm32f10x_rcc.o(i.RCC_ClearFlag), (20 bytes).
    Removing stm32f10x_rcc.o(i.RCC_ClearITPendingBit), (12 bytes).
    Removing stm32f10x_rcc.o(i.RCC_ClockSecuritySystemCmd), (12 bytes).
    Removing stm32f10x_rcc.o(i.RCC_DeInit), (76 bytes).
    Removing stm32f10x_rcc.o(i.RCC_GetFlagStatus), (60 bytes).
    Removing stm32f10x_rcc.o(i.RCC_GetITStatus), (24 bytes).
    Removing stm32f10x_rcc.o(i.RCC_GetSYSCLKSource), (16 bytes).
    Removing stm32f10x_rcc.o(i.RCC_HCLKConfig), (24 bytes).
    Removing stm32f10x_rcc.o(i.RCC_HSEConfig), (76 bytes).
    Removing stm32f10x_rcc.o(i.RCC_HSICmd), (12 bytes).
    Removing stm32f10x_rcc.o(i.RCC_ITConfig), (32 bytes).
    Removing stm32f10x_rcc.o(i.RCC_LSEConfig), (52 bytes).
    Removing stm32f10x_rcc.o(i.RCC_LSICmd), (12 bytes).
    Removing stm32f10x_rcc.o(i.RCC_MCOConfig), (12 bytes).
    Removing stm32f10x_rcc.o(i.RCC_PCLK1Config), (24 bytes).
    Removing stm32f10x_rcc.o(i.RCC_PCLK2Config), (24 bytes).
    Removing stm32f10x_rcc.o(i.RCC_PLLCmd), (12 bytes).
    Removing stm32f10x_rcc.o(i.RCC_PLLConfig), (28 bytes).
    Removing stm32f10x_rcc.o(i.RCC_RTCCLKCmd), (12 bytes).
    Removing stm32f10x_rcc.o(i.RCC_RTCCLKConfig), (16 bytes).
    Removing stm32f10x_rcc.o(i.RCC_SYSCLKConfig), (24 bytes).
    Removing stm32f10x_rcc.o(i.RCC_USBCLKConfig), (12 bytes).
    Removing stm32f10x_rcc.o(i.RCC_WaitForHSEStartUp), (56 bytes).
    Removing stm32f10x_rtc.o(i.RTC_ClearFlag), (16 bytes).
    Removing stm32f10x_rtc.o(i.RTC_ClearITPendingBit), (16 bytes).
    Removing stm32f10x_rtc.o(i.RTC_EnterConfigMode), (20 bytes).
    Removing stm32f10x_rtc.o(i.RTC_ExitConfigMode), (20 bytes).
    Removing stm32f10x_rtc.o(i.RTC_GetCounter), (20 bytes).
    Removing stm32f10x_rtc.o(i.RTC_GetDivider), (24 bytes).
    Removing stm32f10x_rtc.o(i.RTC_GetFlagStatus), (24 bytes).
    Removing stm32f10x_rtc.o(i.RTC_GetITStatus), (36 bytes).
    Removing stm32f10x_rtc.o(i.RTC_ITConfig), (32 bytes).
    Removing stm32f10x_rtc.o(i.RTC_SetAlarm), (28 bytes).
    Removing stm32f10x_rtc.o(i.RTC_SetCounter), (28 bytes).
    Removing stm32f10x_rtc.o(i.RTC_SetPrescaler), (32 bytes).
    Removing stm32f10x_rtc.o(i.RTC_WaitForLastTask), (20 bytes).
    Removing stm32f10x_rtc.o(i.RTC_WaitForSynchro), (36 bytes).
    Removing stm32f10x_sdio.o(i.SDIO_CEATAITCmd), (16 bytes).
    Removing stm32f10x_sdio.o(i.SDIO_ClearFlag), (12 bytes).
    Removing stm32f10x_sdio.o(i.SDIO_ClearITPendingBit), (12 bytes).
    Removing stm32f10x_sdio.o(i.SDIO_ClockCmd), (12 bytes).
    Removing stm32f10x_sdio.o(i.SDIO_CmdStructInit), (14 bytes).
    Removing stm32f10x_sdio.o(i.SDIO_CommandCompletionCmd), (12 bytes).
    Removing stm32f10x_sdio.o(i.SDIO_DMACmd), (12 bytes).
    Removing stm32f10x_sdio.o(i.SDIO_DataConfig), (48 bytes).
    Removing stm32f10x_sdio.o(i.SDIO_DataStructInit), (20 bytes).
    Removing stm32f10x_sdio.o(i.SDIO_DeInit), (36 bytes).
    Removing stm32f10x_sdio.o(i.SDIO_GetCommandResponse), (12 bytes).
    Removing stm32f10x_sdio.o(i.SDIO_GetDataCounter), (12 bytes).
    Removing stm32f10x_sdio.o(i.SDIO_GetFIFOCount), (12 bytes).
    Removing stm32f10x_sdio.o(i.SDIO_GetFlagStatus), (24 bytes).
    Removing stm32f10x_sdio.o(i.SDIO_GetITStatus), (24 bytes).
    Removing stm32f10x_sdio.o(i.SDIO_GetPowerState), (16 bytes).
    Removing stm32f10x_sdio.o(i.SDIO_GetResponse), (24 bytes).
    Removing stm32f10x_sdio.o(i.SDIO_ITConfig), (32 bytes).
    Removing stm32f10x_sdio.o(i.SDIO_Init), (48 bytes).
    Removing stm32f10x_sdio.o(i.SDIO_ReadData), (12 bytes).
    Removing stm32f10x_sdio.o(i.SDIO_SendCEATACmd), (12 bytes).
    Removing stm32f10x_sdio.o(i.SDIO_SendCommand), (44 bytes).
    Removing stm32f10x_sdio.o(i.SDIO_SendSDIOSuspendCmd), (12 bytes).
    Removing stm32f10x_sdio.o(i.SDIO_SetPowerState), (28 bytes).
    Removing stm32f10x_sdio.o(i.SDIO_SetSDIOOperation), (12 bytes).
    Removing stm32f10x_sdio.o(i.SDIO_SetSDIOReadWaitMode), (12 bytes).
    Removing stm32f10x_sdio.o(i.SDIO_StartSDIOReadWait), (12 bytes).
    Removing stm32f10x_sdio.o(i.SDIO_StopSDIOReadWait), (12 bytes).
    Removing stm32f10x_sdio.o(i.SDIO_StructInit), (16 bytes).
    Removing stm32f10x_sdio.o(i.SDIO_WriteData), (12 bytes).
    Removing stm32f10x_spi.o(i.I2S_Cmd), (24 bytes).
    Removing stm32f10x_spi.o(i.I2S_Init), (232 bytes).
    Removing stm32f10x_spi.o(i.I2S_StructInit), (20 bytes).
    Removing stm32f10x_spi.o(i.SPI_BiDirectionalLineConfig), (28 bytes).
    Removing stm32f10x_spi.o(i.SPI_CalculateCRC), (24 bytes).
    Removing stm32f10x_spi.o(i.SPI_Cmd), (24 bytes).
    Removing stm32f10x_spi.o(i.SPI_DataSizeConfig), (18 bytes).
    Removing stm32f10x_spi.o(i.SPI_GetCRC), (16 bytes).
    Removing stm32f10x_spi.o(i.SPI_GetCRCPolynomial), (6 bytes).
    Removing stm32f10x_spi.o(i.SPI_I2S_ClearFlag), (6 bytes).
    Removing stm32f10x_spi.o(i.SPI_I2S_ClearITPendingBit), (20 bytes).
    Removing stm32f10x_spi.o(i.SPI_I2S_DMACmd), (18 bytes).
    Removing stm32f10x_spi.o(i.SPI_I2S_DeInit), (88 bytes).
    Removing stm32f10x_spi.o(i.SPI_I2S_GetFlagStatus), (18 bytes).
    Removing stm32f10x_spi.o(i.SPI_I2S_GetITStatus), (52 bytes).
    Removing stm32f10x_spi.o(i.SPI_I2S_ITConfig), (32 bytes).
    Removing stm32f10x_spi.o(i.SPI_I2S_ReceiveData), (6 bytes).
    Removing stm32f10x_spi.o(i.SPI_I2S_SendData), (4 bytes).
    Removing stm32f10x_spi.o(i.SPI_Init), (60 bytes).
    Removing stm32f10x_spi.o(i.SPI_NSSInternalSoftwareConfig), (30 bytes).
    Removing stm32f10x_spi.o(i.SPI_SSOutputCmd), (24 bytes).
    Removing stm32f10x_spi.o(i.SPI_StructInit), (24 bytes).
    Removing stm32f10x_spi.o(i.SPI_TransmitCRC), (10 bytes).
    Removing stm32f10x_tim.o(i.TI1_Config), (128 bytes).
    Removing stm32f10x_tim.o(i.TI2_Config), (152 bytes).
    Removing stm32f10x_tim.o(i.TI3_Config), (144 bytes).
    Removing stm32f10x_tim.o(i.TI4_Config), (152 bytes).
    Removing stm32f10x_tim.o(i.TIM_ARRPreloadConfig), (24 bytes).
    Removing stm32f10x_tim.o(i.TIM_BDTRConfig), (32 bytes).
    Removing stm32f10x_tim.o(i.TIM_BDTRStructInit), (18 bytes).
    Removing stm32f10x_tim.o(i.TIM_CCPreloadControl), (24 bytes).
    Removing stm32f10x_tim.o(i.TIM_CCxNCmd), (30 bytes).
    Removing stm32f10x_tim.o(i.TIM_ClearFlag), (6 bytes).
    Removing stm32f10x_tim.o(i.TIM_ClearOC1Ref), (18 bytes).
    Removing stm32f10x_tim.o(i.TIM_ClearOC2Ref), (24 bytes).
    Removing stm32f10x_tim.o(i.TIM_ClearOC3Ref), (18 bytes).
    Removing stm32f10x_tim.o(i.TIM_ClearOC4Ref), (24 bytes).
    Removing stm32f10x_tim.o(i.TIM_CounterModeConfig), (18 bytes).
    Removing stm32f10x_tim.o(i.TIM_CtrlPWMOutputs), (30 bytes).
    Removing stm32f10x_tim.o(i.TIM_DMACmd), (18 bytes).
    Removing stm32f10x_tim.o(i.TIM_DMAConfig), (10 bytes).
    Removing stm32f10x_tim.o(i.TIM_DeInit), (488 bytes).
    Removing stm32f10x_tim.o(i.TIM_ETRClockMode1Config), (54 bytes).
    Removing stm32f10x_tim.o(i.TIM_ETRClockMode2Config), (32 bytes).
    Removing stm32f10x_tim.o(i.TIM_ETRConfig), (28 bytes).
    Removing stm32f10x_tim.o(i.TIM_ForcedOC1Config), (18 bytes).
    Removing stm32f10x_tim.o(i.TIM_ForcedOC2Config), (26 bytes).
    Removing stm32f10x_tim.o(i.TIM_ForcedOC3Config), (18 bytes).
    Removing stm32f10x_tim.o(i.TIM_ForcedOC4Config), (26 bytes).
    Removing stm32f10x_tim.o(i.TIM_GenerateEvent), (4 bytes).
    Removing stm32f10x_tim.o(i.TIM_GetCapture1), (6 bytes).
    Removing stm32f10x_tim.o(i.TIM_GetCapture2), (6 bytes).
    Removing stm32f10x_tim.o(i.TIM_GetCapture3), (6 bytes).
    Removing stm32f10x_tim.o(i.TIM_GetCapture4), (8 bytes).
    Removing stm32f10x_tim.o(i.TIM_GetFlagStatus), (18 bytes).
    Removing stm32f10x_tim.o(i.TIM_GetITStatus), (34 bytes).
    Removing stm32f10x_tim.o(i.TIM_GetPrescaler), (6 bytes).
    Removing stm32f10x_tim.o(i.TIM_ICInit), (172 bytes).
    Removing stm32f10x_tim.o(i.TIM_ICStructInit), (18 bytes).
    Removing stm32f10x_tim.o(i.TIM_ITRxExternalClockConfig), (24 bytes).
    Removing stm32f10x_tim.o(i.TIM_InternalClockConfig), (12 bytes).
    Removing stm32f10x_tim.o(i.TIM_OC1FastConfig), (18 bytes).
    Removing stm32f10x_tim.o(i.TIM_OC1NPolarityConfig), (18 bytes).
    Removing stm32f10x_tim.o(i.TIM_OC1PolarityConfig), (18 bytes).
    Removing stm32f10x_tim.o(i.TIM_OC1PreloadConfig), (18 bytes).
    Removing stm32f10x_tim.o(i.TIM_OC2FastConfig), (26 bytes).
    Removing stm32f10x_tim.o(i.TIM_OC2NPolarityConfig), (26 bytes).
    Removing stm32f10x_tim.o(i.TIM_OC2PolarityConfig), (26 bytes).
    Removing stm32f10x_tim.o(i.TIM_OC2PreloadConfig), (26 bytes).
    Removing stm32f10x_tim.o(i.TIM_OC3FastConfig), (18 bytes).
    Removing stm32f10x_tim.o(i.TIM_OC3NPolarityConfig), (26 bytes).
    Removing stm32f10x_tim.o(i.TIM_OC3PolarityConfig), (26 bytes).
    Removing stm32f10x_tim.o(i.TIM_OC3PreloadConfig), (18 bytes).
    Removing stm32f10x_tim.o(i.TIM_OC4FastConfig), (26 bytes).
    Removing stm32f10x_tim.o(i.TIM_OC4PolarityConfig), (26 bytes).
    Removing stm32f10x_tim.o(i.TIM_OC4PreloadConfig), (26 bytes).
    Removing stm32f10x_tim.o(i.TIM_PWMIConfig), (124 bytes).
    Removing stm32f10x_tim.o(i.TIM_PrescalerConfig), (6 bytes).
    Removing stm32f10x_tim.o(i.TIM_SelectCCDMA), (24 bytes).
    Removing stm32f10x_tim.o(i.TIM_SelectCOM), (24 bytes).
    Removing stm32f10x_tim.o(i.TIM_SelectHallSensor), (24 bytes).
    Removing stm32f10x_tim.o(i.TIM_SelectInputTrigger), (18 bytes).
    Removing stm32f10x_tim.o(i.TIM_SelectMasterSlaveMode), (18 bytes).
    Removing stm32f10x_tim.o(i.TIM_SelectOCxM), (82 bytes).
    Removing stm32f10x_tim.o(i.TIM_SelectOnePulseMode), (18 bytes).
    Removing stm32f10x_tim.o(i.TIM_SelectOutputTrigger), (18 bytes).
    Removing stm32f10x_tim.o(i.TIM_SelectSlaveMode), (18 bytes).
    Removing stm32f10x_tim.o(i.TIM_SetAutoreload), (4 bytes).
    Removing stm32f10x_tim.o(i.TIM_SetClockDivision), (18 bytes).
    Removing stm32f10x_tim.o(i.TIM_SetIC1Prescaler), (18 bytes).
    Removing stm32f10x_tim.o(i.TIM_SetIC2Prescaler), (26 bytes).
    Removing stm32f10x_tim.o(i.TIM_SetIC3Prescaler), (18 bytes).
    Removing stm32f10x_tim.o(i.TIM_SetIC4Prescaler), (26 bytes).
    Removing stm32f10x_tim.o(i.TIM_TIxExternalClockConfig), (62 bytes).
    Removing stm32f10x_tim.o(i.TIM_UpdateDisableConfig), (24 bytes).
    Removing stm32f10x_tim.o(i.TIM_UpdateRequestConfig), (24 bytes).
    Removing stm32f10x_usart.o(i.USART_ClearFlag), (18 bytes).
    Removing stm32f10x_usart.o(i.USART_ClearITPendingBit), (30 bytes).
    Removing stm32f10x_usart.o(i.USART_ClockInit), (34 bytes).
    Removing stm32f10x_usart.o(i.USART_ClockStructInit), (12 bytes).
    Removing stm32f10x_usart.o(i.USART_DMACmd), (18 bytes).
    Removing stm32f10x_usart.o(i.USART_DeInit), (156 bytes).
    Removing stm32f10x_usart.o(i.USART_GetITStatus), (84 bytes).
    Removing stm32f10x_usart.o(i.USART_HalfDuplexCmd), (24 bytes).
    Removing stm32f10x_usart.o(i.USART_IrDACmd), (24 bytes).
    Removing stm32f10x_usart.o(i.USART_IrDAConfig), (18 bytes).
    Removing stm32f10x_usart.o(i.USART_LINBreakDetectLengthConfig), (18 bytes).
    Removing stm32f10x_usart.o(i.USART_LINCmd), (24 bytes).
    Removing stm32f10x_usart.o(i.USART_OneBitMethodCmd), (24 bytes).
    Removing stm32f10x_usart.o(i.USART_OverSampling8Cmd), (22 bytes).
    Removing stm32f10x_usart.o(i.USART_ReceiverWakeUpCmd), (24 bytes).
    Removing stm32f10x_usart.o(i.USART_SendBreak), (10 bytes).
    Removing stm32f10x_usart.o(i.USART_SetAddress), (18 bytes).
    Removing stm32f10x_usart.o(i.USART_SetGuardTime), (16 bytes).
    Removing stm32f10x_usart.o(i.USART_SetPrescaler), (16 bytes).
    Removing stm32f10x_usart.o(i.USART_SmartCardCmd), (24 bytes).
    Removing stm32f10x_usart.o(i.USART_SmartCardNACKCmd), (24 bytes).
    Removing stm32f10x_usart.o(i.USART_StructInit), (24 bytes).
    Removing stm32f10x_usart.o(i.USART_WakeUpConfig), (18 bytes).
    Removing stm32f10x_wwdg.o(i.WWDG_ClearFlag), (12 bytes).
    Removing stm32f10x_wwdg.o(i.WWDG_DeInit), (22 bytes).
    Removing stm32f10x_wwdg.o(i.WWDG_Enable), (16 bytes).
    Removing stm32f10x_wwdg.o(i.WWDG_EnableIT), (12 bytes).
    Removing stm32f10x_wwdg.o(i.WWDG_GetFlagStatus), (12 bytes).
    Removing stm32f10x_wwdg.o(i.WWDG_SetCounter), (16 bytes).
    Removing stm32f10x_wwdg.o(i.WWDG_SetPrescaler), (24 bytes).
    Removing stm32f10x_wwdg.o(i.WWDG_SetWindowValue), (40 bytes).

441 unused section(s) (total 17742 bytes) removed from the image.

==============================================================================

Image Symbol Table

    Local Symbols

    Symbol Name                              Value     Ov Type        Size  Object(Section)

    ../clib/microlib/division.c              0x00000000   Number         0  uidiv.o ABSOLUTE
    ../clib/microlib/division.c              0x00000000   Number         0  uldiv.o ABSOLUTE
    ../clib/microlib/init/entry.s            0x00000000   Number         0  entry8a.o ABSOLUTE
    ../clib/microlib/init/entry.s            0x00000000   Number         0  entry7b.o ABSOLUTE
    ../clib/microlib/init/entry.s            0x00000000   Number         0  entry7a.o ABSOLUTE
    ../clib/microlib/init/entry.s            0x00000000   Number         0  entry8b.o ABSOLUTE
    ../clib/microlib/init/entry.s            0x00000000   Number         0  entry5.o ABSOLUTE
    ../clib/microlib/init/entry.s            0x00000000   Number         0  entry9a.o ABSOLUTE
    ../clib/microlib/init/entry.s            0x00000000   Number         0  entry11a.o ABSOLUTE
    ../clib/microlib/init/entry.s            0x00000000   Number         0  entry.o ABSOLUTE
    ../clib/microlib/init/entry.s            0x00000000   Number         0  entry2.o ABSOLUTE
    ../clib/microlib/init/entry.s            0x00000000   Number         0  entry9b.o ABSOLUTE
    ../clib/microlib/init/entry.s            0x00000000   Number         0  entry10a.o ABSOLUTE
    ../clib/microlib/init/entry.s            0x00000000   Number         0  entry10b.o ABSOLUTE
    ../clib/microlib/init/entry.s            0x00000000   Number         0  entry11b.o ABSOLUTE
    ../clib/microlib/longlong.c              0x00000000   Number         0  llshl.o ABSOLUTE
    ../clib/microlib/longlong.c              0x00000000   Number         0  llsshr.o ABSOLUTE
    ../clib/microlib/longlong.c              0x00000000   Number         0  llushr.o ABSOLUTE
    ../clib/microlib/printf/printf.c         0x00000000   Number         0  printf4.o ABSOLUTE
    ../clib/microlib/printf/printf.c         0x00000000   Number         0  printf5.o ABSOLUTE
    ../clib/microlib/printf/printf.c         0x00000000   Number         0  printf3.o ABSOLUTE
    ../clib/microlib/printf/printf.c         0x00000000   Number         0  printf1.o ABSOLUTE
    ../clib/microlib/printf/printf.c         0x00000000   Number         0  printf2.o ABSOLUTE
    ../clib/microlib/printf/printf.c         0x00000000   Number         0  printfb.o ABSOLUTE
    ../clib/microlib/printf/printf.c         0x00000000   Number         0  printf0.o ABSOLUTE
    ../clib/microlib/printf/printf.c         0x00000000   Number         0  printf6.o ABSOLUTE
    ../clib/microlib/printf/printf.c         0x00000000   Number         0  printf7.o ABSOLUTE
    ../clib/microlib/printf/printf.c         0x00000000   Number         0  printf8.o ABSOLUTE
    ../clib/microlib/printf/printf.c         0x00000000   Number         0  printfa.o ABSOLUTE
    ../clib/microlib/printf/stubs.s          0x00000000   Number         0  stubs.o ABSOLUTE
    ../clib/microlib/stdio/streams.c         0x00000000   Number         0  stdout.o ABSOLUTE
    ../clib/microlib/stubs.s                 0x00000000   Number         0  iusefp.o ABSOLUTE
    ../fplib/microlib/d2f.c                  0x00000000   Number         0  d2f.o ABSOLUTE
    ../fplib/microlib/f2d.c                  0x00000000   Number         0  f2d.o ABSOLUTE
    ../fplib/microlib/fpadd.c                0x00000000   Number         0  fadd.o ABSOLUTE
    ../fplib/microlib/fpadd.c                0x00000000   Number         0  dadd.o ABSOLUTE
    ../fplib/microlib/fpdiv.c                0x00000000   Number         0  ddiv.o ABSOLUTE
    ../fplib/microlib/fpdiv.c                0x00000000   Number         0  fdiv.o ABSOLUTE
    ../fplib/microlib/fpepilogue.c           0x00000000   Number         0  fepilogue.o ABSOLUTE
    ../fplib/microlib/fpepilogue.c           0x00000000   Number         0  depilogue.o ABSOLUTE
    ../fplib/microlib/fpfix.c                0x00000000   Number         0  dfixul.o ABSOLUTE
    ../fplib/microlib/fpfix.c                0x00000000   Number         0  ffixi.o ABSOLUTE
    ../fplib/microlib/fpfix.c                0x00000000   Number         0  dfixi.o ABSOLUTE
    ../fplib/microlib/fpflt.c                0x00000000   Number         0  dflti.o ABSOLUTE
    ../fplib/microlib/fpflt.c                0x00000000   Number         0  ffltui.o ABSOLUTE
    ../fplib/microlib/fpflt.c                0x00000000   Number         0  fflti.o ABSOLUTE
    ../fplib/microlib/fpmul.c                0x00000000   Number         0  fmul.o ABSOLUTE
    ../fplib/microlib/fpmul.c                0x00000000   Number         0  dmul.o ABSOLUTE
    ../fplib/microlib/fpscalb.c              0x00000000   Number         0  dscalb.o ABSOLUTE
    ../mathlib/atan.c                        0x00000000   Number         0  atan.o ABSOLUTE
    ../mathlib/atan.c                        0x00000000   Number         0  atan_x.o ABSOLUTE
    ../mathlib/dunder.c                      0x00000000   Number         0  dunder.o ABSOLUTE
    ../mathlib/fpclassify.c                  0x00000000   Number         0  fpclassify.o ABSOLUTE
    ../mathlib/poly.c                        0x00000000   Number         0  poly.o ABSOLUTE
    CORE\\core_cm3.c                         0x00000000   Number         0  core_cm3.o ABSOLUTE
    CORE\core_cm3.c                          0x00000000   Number         0  core_cm3.o ABSOLUTE
    CORE\startup_stm32f10x_md.s              0x00000000   Number         0  startup_stm32f10x_md.o ABSOLUTE
    FWlib\src\misc.c                         0x00000000   Number         0  misc.o ABSOLUTE
    FWlib\src\stm32f10x_adc.c                0x00000000   Number         0  stm32f10x_adc.o ABSOLUTE
    FWlib\src\stm32f10x_bkp.c                0x00000000   Number         0  stm32f10x_bkp.o ABSOLUTE
    FWlib\src\stm32f10x_can.c                0x00000000   Number         0  stm32f10x_can.o ABSOLUTE
    FWlib\src\stm32f10x_cec.c                0x00000000   Number         0  stm32f10x_cec.o ABSOLUTE
    FWlib\src\stm32f10x_crc.c                0x00000000   Number         0  stm32f10x_crc.o ABSOLUTE
    FWlib\src\stm32f10x_dac.c                0x00000000   Number         0  stm32f10x_dac.o ABSOLUTE
    FWlib\src\stm32f10x_dbgmcu.c             0x00000000   Number         0  stm32f10x_dbgmcu.o ABSOLUTE
    FWlib\src\stm32f10x_dma.c                0x00000000   Number         0  stm32f10x_dma.o ABSOLUTE
    FWlib\src\stm32f10x_exti.c               0x00000000   Number         0  stm32f10x_exti.o ABSOLUTE
    FWlib\src\stm32f10x_flash.c              0x00000000   Number         0  stm32f10x_flash.o ABSOLUTE
    FWlib\src\stm32f10x_fsmc.c               0x00000000   Number         0  stm32f10x_fsmc.o ABSOLUTE
    FWlib\src\stm32f10x_gpio.c               0x00000000   Number         0  stm32f10x_gpio.o ABSOLUTE
    FWlib\src\stm32f10x_i2c.c                0x00000000   Number         0  stm32f10x_i2c.o ABSOLUTE
    FWlib\src\stm32f10x_iwdg.c               0x00000000   Number         0  stm32f10x_iwdg.o ABSOLUTE
    FWlib\src\stm32f10x_pwr.c                0x00000000   Number         0  stm32f10x_pwr.o ABSOLUTE
    FWlib\src\stm32f10x_rcc.c                0x00000000   Number         0  stm32f10x_rcc.o ABSOLUTE
    FWlib\src\stm32f10x_rtc.c                0x00000000   Number         0  stm32f10x_rtc.o ABSOLUTE
    FWlib\src\stm32f10x_sdio.c               0x00000000   Number         0  stm32f10x_sdio.o ABSOLUTE
    FWlib\src\stm32f10x_spi.c                0x00000000   Number         0  stm32f10x_spi.o ABSOLUTE
    FWlib\src\stm32f10x_tim.c                0x00000000   Number         0  stm32f10x_tim.o ABSOLUTE
    FWlib\src\stm32f10x_usart.c              0x00000000   Number         0  stm32f10x_usart.o ABSOLUTE
    FWlib\src\stm32f10x_wwdg.c               0x00000000   Number         0  stm32f10x_wwdg.o ABSOLUTE
    STM32\stm32f10x_it.c                     0x00000000   Number         0  stm32f10x_it.o ABSOLUTE
    STM32\system_stm32f10x.c                 0x00000000   Number         0  system_stm32f10x.o ABSOLUTE
    USER\src\banlance.c                      0x00000000   Number         0  banlance.o ABSOLUTE
    USER\src\delay.c                         0x00000000   Number         0  delay.o ABSOLUTE
    USER\src\filter.c                        0x00000000   Number         0  filter.o ABSOLUTE
    USER\src\lcd.c                           0x00000000   Number         0  lcd.o ABSOLUTE
    USER\src\mpu6050.c                       0x00000000   Number         0  mpu6050.o ABSOLUTE
    USER\src\uart.c                          0x00000000   Number         0  uart.o ABSOLUTE
    cdrcmple.s                               0x00000000   Number         0  cdrcmple.o ABSOLUTE
    cfcmple.s                                0x00000000   Number         0  cfcmple.o ABSOLUTE
    cfrcmple.s                               0x00000000   Number         0  cfrcmple.o ABSOLUTE
    dc.s                                     0x00000000   Number         0  dc.o ABSOLUTE
    handlers.s                               0x00000000   Number         0  handlers.o ABSOLUTE
    init.s                                   0x00000000   Number         0  init.o ABSOLUTE
    main.c                                   0x00000000   Number         0  main.o ABSOLUTE
    RESET                                    0x08000000   Section      236  startup_stm32f10x_md.o(RESET)
    .ARM.Collect$$$$00000000                 0x080000ec   Section        0  entry.o(.ARM.Collect$$$$00000000)
    .ARM.Collect$$$$00000001                 0x080000ec   Section        4  entry2.o(.ARM.Collect$$$$00000001)
    .ARM.Collect$$$$00000004                 0x080000f0   Section        4  entry5.o(.ARM.Collect$$$$00000004)
    .ARM.Collect$$$$00000008                 0x080000f4   Section        0  entry7b.o(.ARM.Collect$$$$00000008)
    .ARM.Collect$$$$0000000A                 0x080000f4   Section        0  entry8b.o(.ARM.Collect$$$$0000000A)
    .ARM.Collect$$$$0000000B                 0x080000f4   Section        8  entry9a.o(.ARM.Collect$$$$0000000B)
    .ARM.Collect$$$$0000000D                 0x080000fc   Section        0  entry10a.o(.ARM.Collect$$$$0000000D)
    .ARM.Collect$$$$0000000F                 0x080000fc   Section        0  entry11a.o(.ARM.Collect$$$$0000000F)
    .ARM.Collect$$$$00002712                 0x080000fc   Section        4  entry2.o(.ARM.Collect$$$$00002712)
    __lit__00000000                          0x080000fc   Data           4  entry2.o(.ARM.Collect$$$$00002712)
    .text                                    0x08000100   Section       36  startup_stm32f10x_md.o(.text)
    .text                                    0x08000124   Section        0  fadd.o(.text)
    .text                                    0x080001d4   Section        0  fmul.o(.text)
    .text                                    0x08000238   Section        0  fdiv.o(.text)
    .text                                    0x080002b4   Section        0  dadd.o(.text)
    .text                                    0x08000402   Section        0  dmul.o(.text)
    .text                                    0x080004e6   Section        0  ddiv.o(.text)
    .text                                    0x080005c4   Section        0  fflti.o(.text)
    .text                                    0x080005d6   Section        0  ffltui.o(.text)
    .text                                    0x080005e0   Section        0  dflti.o(.text)
    .text                                    0x08000602   Section        0  ffixi.o(.text)
    .text                                    0x08000634   Section        0  dfixi.o(.text)
    .text                                    0x08000672   Section        0  f2d.o(.text)
    .text                                    0x08000698   Section       48  cdrcmple.o(.text)
    .text                                    0x080006c8   Section        0  d2f.o(.text)
    .text                                    0x08000700   Section       20  cfcmple.o(.text)
    .text                                    0x08000714   Section       20  cfrcmple.o(.text)
    .text                                    0x08000728   Section        0  uidiv.o(.text)
    .text                                    0x08000754   Section        0  uldiv.o(.text)
    .text                                    0x080007b6   Section        0  llshl.o(.text)
    .text                                    0x080007d4   Section        0  llushr.o(.text)
    .text                                    0x080007f4   Section        0  llsshr.o(.text)
    .text                                    0x08000818   Section        0  fepilogue.o(.text)
    .text                                    0x08000818   Section        0  iusefp.o(.text)
    .text                                    0x08000886   Section        0  depilogue.o(.text)
    .text                                    0x08000940   Section        0  dscalb.o(.text)
    .text                                    0x0800096e   Section        0  dfixul.o(.text)
    .text                                    0x080009a0   Section       36  init.o(.text)
    i.BusFault_Handler                       0x080009c4   Section        0  stm32f10x_it.o(i.BusFault_Handler)
    i.DebugMon_Handler                       0x080009c8   Section        0  stm32f10x_it.o(i.DebugMon_Handler)
    i.GPIO_Init                              0x080009ca   Section        0  stm32f10x_gpio.o(i.GPIO_Init)
    i.HardFault_Handler                      0x08000ae0   Section        0  stm32f10x_it.o(i.HardFault_Handler)
    i.I2C_AcknowledgeConfig                  0x08000ae4   Section        0  stm32f10x_i2c.o(i.I2C_AcknowledgeConfig)
    i.I2C_CheckEvent                         0x08000afc   Section        0  stm32f10x_i2c.o(i.I2C_CheckEvent)
    i.I2C_Cmd                                0x08000b26   Section        0  stm32f10x_i2c.o(i.I2C_Cmd)
    i.I2C_GenerateSTART                      0x08000b3e   Section        0  stm32f10x_i2c.o(i.I2C_GenerateSTART)
    i.I2C_GenerateSTOP                       0x08000b56   Section        0  stm32f10x_i2c.o(i.I2C_GenerateSTOP)
    i.I2C_GetFlagStatus                      0x08000b6e   Section        0  stm32f10x_i2c.o(i.I2C_GetFlagStatus)
    i.I2C_Init                               0x08000ba8   Section        0  stm32f10x_i2c.o(i.I2C_Init)
    i.I2C_Receive                            0x08000c94   Section        0  mpu6050.o(i.I2C_Receive)
    i.I2C_ReceiveData                        0x08000d28   Section        0  stm32f10x_i2c.o(i.I2C_ReceiveData)
    i.I2C_Send7bitAddress                    0x08000d30   Section        0  stm32f10x_i2c.o(i.I2C_Send7bitAddress)
    i.I2C_SendData                           0x08000d42   Section        0  stm32f10x_i2c.o(i.I2C_SendData)
    i.I2C_StructInit                         0x08000d46   Section        0  stm32f10x_i2c.o(i.I2C_StructInit)
    i.I2C_Transmit                           0x08000d64   Section        0  mpu6050.o(i.I2C_Transmit)
    i.Kalman_Filter                          0x08000de4   Section        0  filter.o(i.Kalman_Filter)
    i.MPU_Init                               0x0800105c   Section        0  mpu6050.o(i.MPU_Init)
    i.MPU_ReadAx                             0x080010c8   Section        0  mpu6050.o(i.MPU_ReadAx)
    i.MPU_ReadAz                             0x080010d6   Section        0  mpu6050.o(i.MPU_ReadAz)
    i.MPU_ReadBytes                          0x080010e4   Section        0  mpu6050.o(i.MPU_ReadBytes)
    i.MPU_ReadGy                             0x08001114   Section        0  mpu6050.o(i.MPU_ReadGy)
    i.MPU_ReadReg                            0x08001124   Section        0  mpu6050.o(i.MPU_ReadReg)
    i.MPU_ReadReg16                          0x08001150   Section        0  mpu6050.o(i.MPU_ReadReg16)
    i.MPU_SetScale                           0x08001170   Section        0  mpu6050.o(i.MPU_SetScale)
    i.MPU_WakeUp                             0x08001188   Section        0  mpu6050.o(i.MPU_WakeUp)
    i.MPU_WriteReg                           0x08001194   Section        0  mpu6050.o(i.MPU_WriteReg)
    i.MPU_isReady                            0x080011b8   Section        0  mpu6050.o(i.MPU_isReady)
    i.MemManage_Handler                      0x080011d2   Section        0  stm32f10x_it.o(i.MemManage_Handler)
    i.NMI_Handler                            0x080011d6   Section        0  stm32f10x_it.o(i.NMI_Handler)
    i.NVIC_PriorityGroupConfig               0x080011d8   Section        0  misc.o(i.NVIC_PriorityGroupConfig)
    i.PendSV_Handler                         0x080011ec   Section        0  stm32f10x_it.o(i.PendSV_Handler)
    i.RCC_APB1PeriphClockCmd                 0x080011f0   Section        0  stm32f10x_rcc.o(i.RCC_APB1PeriphClockCmd)
    i.RCC_APB2PeriphClockCmd                 0x08001210   Section        0  stm32f10x_rcc.o(i.RCC_APB2PeriphClockCmd)
    i.RCC_GetClocksFreq                      0x08001230   Section        0  stm32f10x_rcc.o(i.RCC_GetClocksFreq)
    i.SVC_Handler                            0x08001304   Section        0  stm32f10x_it.o(i.SVC_Handler)
    i.SetSysClock                            0x08001306   Section        0  system_stm32f10x.o(i.SetSysClock)
    SetSysClock                              0x08001307   Thumb Code     8  system_stm32f10x.o(i.SetSysClock)
    i.SetSysClockTo72                        0x08001310   Section        0  system_stm32f10x.o(i.SetSysClockTo72)
    SetSysClockTo72                          0x08001311   Thumb Code   214  system_stm32f10x.o(i.SetSysClockTo72)
    i.SysTick_Handler                        0x080013f0   Section        0  stm32f10x_it.o(i.SysTick_Handler)
    i.SystemInit                             0x080013f4   Section        0  system_stm32f10x.o(i.SystemInit)
    i.TIM4_IRQHandler                        0x08001454   Section        0  main.o(i.TIM4_IRQHandler)
    i.TIM_CCxCmd                             0x08001760   Section        0  stm32f10x_tim.o(i.TIM_CCxCmd)
    i.TIM_ClearITPendingBit                  0x0800177e   Section        0  stm32f10x_tim.o(i.TIM_ClearITPendingBit)
    i.TIM_Cmd                                0x08001784   Section        0  stm32f10x_tim.o(i.TIM_Cmd)
    i.TIM_EncoderInterfaceConfig             0x0800179c   Section        0  stm32f10x_tim.o(i.TIM_EncoderInterfaceConfig)
    i.TIM_GetCounter                         0x080017de   Section        0  stm32f10x_tim.o(i.TIM_GetCounter)
    i.TIM_ITConfig                           0x080017e4   Section        0  stm32f10x_tim.o(i.TIM_ITConfig)
    i.TIM_OC1Init                            0x080017f8   Section        0  stm32f10x_tim.o(i.TIM_OC1Init)
    i.TIM_OC2Init                            0x08001890   Section        0  stm32f10x_tim.o(i.TIM_OC2Init)
    i.TIM_OC3Init                            0x08001934   Section        0  stm32f10x_tim.o(i.TIM_OC3Init)
    i.TIM_OC4Init                            0x080019d4   Section        0  stm32f10x_tim.o(i.TIM_OC4Init)
    i.TIM_OCStructInit                       0x08001a50   Section        0  stm32f10x_tim.o(i.TIM_OCStructInit)
    i.TIM_SetCompare1                        0x08001a64   Section        0  stm32f10x_tim.o(i.TIM_SetCompare1)
    i.TIM_SetCompare2                        0x08001a68   Section        0  stm32f10x_tim.o(i.TIM_SetCompare2)
    i.TIM_SetCompare3                        0x08001a6c   Section        0  stm32f10x_tim.o(i.TIM_SetCompare3)
    i.TIM_SetCompare4                        0x08001a70   Section        0  stm32f10x_tim.o(i.TIM_SetCompare4)
    i.TIM_SetCounter                         0x08001a76   Section        0  stm32f10x_tim.o(i.TIM_SetCounter)
    i.TIM_TimeBaseInit                       0x08001a7c   Section        0  stm32f10x_tim.o(i.TIM_TimeBaseInit)
    i.TIM_TimeBaseStructInit                 0x08001b20   Section        0  stm32f10x_tim.o(i.TIM_TimeBaseStructInit)
    i.USART3_IRQHandler                      0x08001b34   Section        0  main.o(i.USART3_IRQHandler)
    i.USART_Cmd                              0x08001ca8   Section        0  stm32f10x_usart.o(i.USART_Cmd)
    i.USART_GetFlagStatus                    0x08001cc0   Section        0  stm32f10x_usart.o(i.USART_GetFlagStatus)
    i.USART_ITConfig                         0x08001cda   Section        0  stm32f10x_usart.o(i.USART_ITConfig)
    i.USART_Init                             0x08001d24   Section        0  stm32f10x_usart.o(i.USART_Init)
    i.USART_ReceiveData                      0x08001dfc   Section        0  stm32f10x_usart.o(i.USART_ReceiveData)
    i.USART_SendData                         0x08001e06   Section        0  stm32f10x_usart.o(i.USART_SendData)
    i.UsageFault_Handler                     0x08001e0e   Section        0  stm32f10x_it.o(i.UsageFault_Handler)
    i.__0printf                              0x08001e14   Section        0  printfa.o(i.__0printf)
    i.__ARM_fpclassify                       0x08001e34   Section        0  fpclassify.o(i.__ARM_fpclassify)
    i.__kernel_poly                          0x08001e5c   Section        0  poly.o(i.__kernel_poly)
    i.__mathlib_dbl_infnan                   0x08001f06   Section        0  dunder.o(i.__mathlib_dbl_infnan)
    i.__mathlib_dbl_underflow                0x08001f0c   Section        0  dunder.o(i.__mathlib_dbl_underflow)
    i.__scatterload_copy                     0x08001f1c   Section       14  handlers.o(i.__scatterload_copy)
    i.__scatterload_null                     0x08001f2a   Section        2  handlers.o(i.__scatterload_null)
    i.__scatterload_zeroinit                 0x08001f2c   Section       14  handlers.o(i.__scatterload_zeroinit)
    i._fp_digits                             0x08001f3c   Section        0  printfa.o(i._fp_digits)
    _fp_digits                               0x08001f3d   Thumb Code   334  printfa.o(i._fp_digits)
    i._printf_core                           0x080020a0   Section        0  printfa.o(i._printf_core)
    _printf_core                             0x080020a1   Thumb Code  1744  printfa.o(i._printf_core)
    i._printf_post_padding                   0x0800277c   Section        0  printfa.o(i._printf_post_padding)
    _printf_post_padding                     0x0800277d   Thumb Code    36  printfa.o(i._printf_post_padding)
    i._printf_pre_padding                    0x080027a0   Section        0  printfa.o(i._printf_pre_padding)
    _printf_pre_padding                      0x080027a1   Thumb Code    46  printfa.o(i._printf_pre_padding)
    i.atan                                   0x080027d0   Section        0  atan.o(i.atan)
    i.balanceControl                         0x080029f0   Section        0  banlance.o(i.balanceControl)
    i.delay_init                             0x08002a44   Section        0  delay.o(i.delay_init)
    i.delay_ms                               0x08002a58   Section        0  delay.o(i.delay_ms)
    i.directionControl                       0x08002a78   Section        0  banlance.o(i.directionControl)
    i.fputc                                  0x08002ad4   Section        0  uart.o(i.fputc)
    i.getAngle                               0x08002af8   Section        0  banlance.o(i.getAngle)
    i.main                                   0x08002b88   Section        0  main.o(i.main)
    i.pwmOutputL                             0x08002c54   Section        0  banlance.o(i.pwmOutputL)
    i.pwmOutputR                             0x08002ca0   Section        0  banlance.o(i.pwmOutputR)
    i.speedControl                           0x08002cec   Section        0  banlance.o(i.speedControl)
    i.tim_encoder_init                       0x08002db8   Section        0  main.o(i.tim_encoder_init)
    i.tim_irq_init                           0x08002e44   Section        0  main.o(i.tim_irq_init)
    i.tim_pwm_init                           0x08002ec8   Section        0  main.o(i.tim_pwm_init)
    i.uart_init                              0x08002f8c   Section        0  uart.o(i.uart_init)
    .constdata                               0x08003058   Section      152  atan.o(.constdata)
    atanhi                                   0x08003058   Data          32  atan.o(.constdata)
    atanlo                                   0x08003078   Data          32  atan.o(.constdata)
    aTodd                                    0x08003098   Data          40  atan.o(.constdata)
    aTeven                                   0x080030c0   Data          48  atan.o(.constdata)
    .data                                    0x20000000   Section       40  banlance.o(.data)
    total                                    0x2000001c   Data           4  banlance.o(.data)
    err                                      0x20000020   Data           4  banlance.o(.data)
    err                                      0x20000024   Data           4  banlance.o(.data)
    .data                                    0x20000028   Section       32  main.o(.data)
    count                                    0x20000034   Data           4  main.o(.data)
    pwmSpd                                   0x20000038   Data           2  main.o(.data)
    pwmSpdOld                                0x2000003a   Data           2  main.o(.data)
    pwmBalance                               0x2000003c   Data           2  main.o(.data)
    pwmDir                                   0x2000003e   Data           2  main.o(.data)
    pwmL                                     0x20000040   Data           2  main.o(.data)
    pwmR                                     0x20000042   Data           2  main.o(.data)
    pwmSpdSlice                              0x20000044   Data           4  main.o(.data)
    .data                                    0x20000048   Section       84  filter.o(.data)
    .data                                    0x2000009c   Section       20  stm32f10x_rcc.o(.data)
    APBAHBPrescTable                         0x2000009c   Data          16  stm32f10x_rcc.o(.data)
    ADCPrescTable                            0x200000ac   Data           4  stm32f10x_rcc.o(.data)
    .data                                    0x200000b0   Section        4  stdout.o(.data)
    .bss                                     0x200000b4   Section       16  filter.o(.bss)
    STACK                                    0x200000c8   Section     1024  startup_stm32f10x_md.o(STACK)

    Global Symbols

    Symbol Name                              Value     Ov Type        Size  Object(Section)

    BuildAttributes$$THM_ISAv4$P$D$K$B$S$PE$A:L22UL41UL21$X:L11$S22US41US21$IEEE1$IW$USESV6$~STKCKD$USESV7$~SHL$OTIME$ROPI$IEEEX$EBA8$MICROLIB$REQ8$PRES8$EABIv2 0x00000000   Number         0  anon$$obj.o ABSOLUTE
    __ARM_use_no_argv                        0x00000000   Number         0  main.o ABSOLUTE
    _printf_a                                0x00000000   Number         0  stubs.o ABSOLUTE
    _printf_c                                0x00000000   Number         0  stubs.o ABSOLUTE
    _printf_charcount                        0x00000000   Number         0  stubs.o ABSOLUTE
    _printf_d                                0x00000000   Number         0  stubs.o ABSOLUTE
    _printf_e                                0x00000000   Number         0  stubs.o ABSOLUTE
    _printf_f                                0x00000000   Number         0  stubs.o ABSOLUTE
    _printf_flags                            0x00000000   Number         0  stubs.o ABSOLUTE
    _printf_fp_dec                           0x00000000   Number         0  stubs.o ABSOLUTE
    _printf_fp_hex                           0x00000000   Number         0  stubs.o ABSOLUTE
    _printf_g                                0x00000000   Number         0  stubs.o ABSOLUTE
    _printf_i                                0x00000000   Number         0  stubs.o ABSOLUTE
    _printf_int_dec                          0x00000000   Number         0  stubs.o ABSOLUTE
    _printf_l                                0x00000000   Number         0  stubs.o ABSOLUTE
    _printf_lc                               0x00000000   Number         0  stubs.o ABSOLUTE
    _printf_ll                               0x00000000   Number         0  stubs.o ABSOLUTE
    _printf_lld                              0x00000000   Number         0  stubs.o ABSOLUTE
    _printf_lli                              0x00000000   Number         0  stubs.o ABSOLUTE
    _printf_llo                              0x00000000   Number         0  stubs.o ABSOLUTE
    _printf_llu                              0x00000000   Number         0  stubs.o ABSOLUTE
    _printf_llx                              0x00000000   Number         0  stubs.o ABSOLUTE
    _printf_longlong_dec                     0x00000000   Number         0  stubs.o ABSOLUTE
    _printf_longlong_hex                     0x00000000   Number         0  stubs.o ABSOLUTE
    _printf_longlong_oct                     0x00000000   Number         0  stubs.o ABSOLUTE
    _printf_ls                               0x00000000   Number         0  stubs.o ABSOLUTE
    _printf_mbtowc                           0x00000000   Number         0  stubs.o ABSOLUTE
    _printf_n                                0x00000000   Number         0  stubs.o ABSOLUTE
    _printf_o                                0x00000000   Number         0  stubs.o ABSOLUTE
    _printf_p                                0x00000000   Number         0  stubs.o ABSOLUTE
    _printf_percent                          0x00000000   Number         0  stubs.o ABSOLUTE
    _printf_pre_padding                      0x00000000   Number         0  stubs.o ABSOLUTE
    _printf_return_value                     0x00000000   Number         0  stubs.o ABSOLUTE
    _printf_s                                0x00000000   Number         0  stubs.o ABSOLUTE
    _printf_sizespec                         0x00000000   Number         0  stubs.o ABSOLUTE
    _printf_str                              0x00000000   Number         0  stubs.o ABSOLUTE
    _printf_truncate_signed                  0x00000000   Number         0  stubs.o ABSOLUTE
    _printf_truncate_unsigned                0x00000000   Number         0  stubs.o ABSOLUTE
    _printf_u                                0x00000000   Number         0  stubs.o ABSOLUTE
    _printf_wc                               0x00000000   Number         0  stubs.o ABSOLUTE
    _printf_wctomb                           0x00000000   Number         0  stubs.o ABSOLUTE
    _printf_widthprec                        0x00000000   Number         0  stubs.o ABSOLUTE
    _printf_x                                0x00000000   Number         0  stubs.o ABSOLUTE
    __cpp_initialize__aeabi_                  - Undefined Weak Reference
    __cxa_finalize                            - Undefined Weak Reference
    __decompress                              - Undefined Weak Reference
    _clock_init                               - Undefined Weak Reference
    _microlib_exit                            - Undefined Weak Reference
    __Vectors_Size                           0x000000ec   Number         0  startup_stm32f10x_md.o ABSOLUTE
    __Vectors                                0x08000000   Data           4  startup_stm32f10x_md.o(RESET)
    __Vectors_End                            0x080000ec   Data           0  startup_stm32f10x_md.o(RESET)
    __main                                   0x080000ed   Thumb Code     0  entry.o(.ARM.Collect$$$$00000000)
    _main_stk                                0x080000ed   Thumb Code     0  entry2.o(.ARM.Collect$$$$00000001)
    _main_scatterload                        0x080000f1   Thumb Code     0  entry5.o(.ARM.Collect$$$$00000004)
    __main_after_scatterload                 0x080000f5   Thumb Code     0  entry5.o(.ARM.Collect$$$$00000004)
    _main_clock                              0x080000f5   Thumb Code     0  entry7b.o(.ARM.Collect$$$$00000008)
    _main_cpp_init                           0x080000f5   Thumb Code     0  entry8b.o(.ARM.Collect$$$$0000000A)
    _main_init                               0x080000f5   Thumb Code     0  entry9a.o(.ARM.Collect$$$$0000000B)
    __rt_final_cpp                           0x080000fd   Thumb Code     0  entry10a.o(.ARM.Collect$$$$0000000D)
    __rt_final_exit                          0x080000fd   Thumb Code     0  entry11a.o(.ARM.Collect$$$$0000000F)
    Reset_Handler                            0x08000101   Thumb Code     8  startup_stm32f10x_md.o(.text)
    ADC1_2_IRQHandler                        0x0800011b   Thumb Code     0  startup_stm32f10x_md.o(.text)
    CAN1_RX1_IRQHandler                      0x0800011b   Thumb Code     0  startup_stm32f10x_md.o(.text)
    CAN1_SCE_IRQHandler                      0x0800011b   Thumb Code     0  startup_stm32f10x_md.o(.text)
    DMA1_Channel1_IRQHandler                 0x0800011b   Thumb Code     0  startup_stm32f10x_md.o(.text)
    DMA1_Channel2_IRQHandler                 0x0800011b   Thumb Code     0  startup_stm32f10x_md.o(.text)
    DMA1_Channel3_IRQHandler                 0x0800011b   Thumb Code     0  startup_stm32f10x_md.o(.text)
    DMA1_Channel4_IRQHandler                 0x0800011b   Thumb Code     0  startup_stm32f10x_md.o(.text)
    DMA1_Channel5_IRQHandler                 0x0800011b   Thumb Code     0  startup_stm32f10x_md.o(.text)
    DMA1_Channel6_IRQHandler                 0x0800011b   Thumb Code     0  startup_stm32f10x_md.o(.text)
    DMA1_Channel7_IRQHandler                 0x0800011b   Thumb Code     0  startup_stm32f10x_md.o(.text)
    EXTI0_IRQHandler                         0x0800011b   Thumb Code     0  startup_stm32f10x_md.o(.text)
    EXTI15_10_IRQHandler                     0x0800011b   Thumb Code     0  startup_stm32f10x_md.o(.text)
    EXTI1_IRQHandler                         0x0800011b   Thumb Code     0  startup_stm32f10x_md.o(.text)
    EXTI2_IRQHandler                         0x0800011b   Thumb Code     0  startup_stm32f10x_md.o(.text)
    EXTI3_IRQHandler                         0x0800011b   Thumb Code     0  startup_stm32f10x_md.o(.text)
    EXTI4_IRQHandler                         0x0800011b   Thumb Code     0  startup_stm32f10x_md.o(.text)
    EXTI9_5_IRQHandler                       0x0800011b   Thumb Code     0  startup_stm32f10x_md.o(.text)
    FLASH_IRQHandler                         0x0800011b   Thumb Code     0  startup_stm32f10x_md.o(.text)
    I2C1_ER_IRQHandler                       0x0800011b   Thumb Code     0  startup_stm32f10x_md.o(.text)
    I2C1_EV_IRQHandler                       0x0800011b   Thumb Code     0  startup_stm32f10x_md.o(.text)
    I2C2_ER_IRQHandler                       0x0800011b   Thumb Code     0  startup_stm32f10x_md.o(.text)
    I2C2_EV_IRQHandler                       0x0800011b   Thumb Code     0  startup_stm32f10x_md.o(.text)
    PVD_IRQHandler                           0x0800011b   Thumb Code     0  startup_stm32f10x_md.o(.text)
    RCC_IRQHandler                           0x0800011b   Thumb Code     0  startup_stm32f10x_md.o(.text)
    RTCAlarm_IRQHandler                      0x0800011b   Thumb Code     0  startup_stm32f10x_md.o(.text)
    RTC_IRQHandler                           0x0800011b   Thumb Code     0  startup_stm32f10x_md.o(.text)
    SPI1_IRQHandler                          0x0800011b   Thumb Code     0  startup_stm32f10x_md.o(.text)
    SPI2_IRQHandler                          0x0800011b   Thumb Code     0  startup_stm32f10x_md.o(.text)
    TAMPER_IRQHandler                        0x0800011b   Thumb Code     0  startup_stm32f10x_md.o(.text)
    TIM1_BRK_IRQHandler                      0x0800011b   Thumb Code     0  startup_stm32f10x_md.o(.text)
    TIM1_CC_IRQHandler                       0x0800011b   Thumb Code     0  startup_stm32f10x_md.o(.text)
    TIM1_TRG_COM_IRQHandler                  0x0800011b   Thumb Code     0  startup_stm32f10x_md.o(.text)
    TIM1_UP_IRQHandler                       0x0800011b   Thumb Code     0  startup_stm32f10x_md.o(.text)
    TIM2_IRQHandler                          0x0800011b   Thumb Code     0  startup_stm32f10x_md.o(.text)
    TIM3_IRQHandler                          0x0800011b   Thumb Code     0  startup_stm32f10x_md.o(.text)
    USART1_IRQHandler                        0x0800011b   Thumb Code     0  startup_stm32f10x_md.o(.text)
    USART2_IRQHandler                        0x0800011b   Thumb Code     0  startup_stm32f10x_md.o(.text)
    USBWakeUp_IRQHandler                     0x0800011b   Thumb Code     0  startup_stm32f10x_md.o(.text)
    USB_HP_CAN1_TX_IRQHandler                0x0800011b   Thumb Code     0  startup_stm32f10x_md.o(.text)
    USB_LP_CAN1_RX0_IRQHandler               0x0800011b   Thumb Code     0  startup_stm32f10x_md.o(.text)
    WWDG_IRQHandler                          0x0800011b   Thumb Code     0  startup_stm32f10x_md.o(.text)
    __aeabi_fadd                             0x08000125   Thumb Code   164  fadd.o(.text)
    __aeabi_fsub                             0x080001c9   Thumb Code     6  fadd.o(.text)
    __aeabi_frsub                            0x080001cf   Thumb Code     6  fadd.o(.text)
    __aeabi_fmul                             0x080001d5   Thumb Code   100  fmul.o(.text)
    __aeabi_fdiv                             0x08000239   Thumb Code   124  fdiv.o(.text)
    __aeabi_dadd                             0x080002b5   Thumb Code   322  dadd.o(.text)
    __aeabi_dsub                             0x080003f7   Thumb Code     6  dadd.o(.text)
    __aeabi_drsub                            0x080003fd   Thumb Code     6  dadd.o(.text)
    __aeabi_dmul                             0x08000403   Thumb Code   228  dmul.o(.text)
    __aeabi_ddiv                             0x080004e7   Thumb Code   222  ddiv.o(.text)
    __aeabi_i2f                              0x080005c5   Thumb Code    18  fflti.o(.text)
    __aeabi_ui2f                             0x080005d7   Thumb Code    10  ffltui.o(.text)
    __aeabi_i2d                              0x080005e1   Thumb Code    34  dflti.o(.text)
    __aeabi_f2iz                             0x08000603   Thumb Code    50  ffixi.o(.text)
    __aeabi_d2iz                             0x08000635   Thumb Code    62  dfixi.o(.text)
    __aeabi_f2d                              0x08000673   Thumb Code    38  f2d.o(.text)
    __aeabi_cdrcmple                         0x08000699   Thumb Code    48  cdrcmple.o(.text)
    __aeabi_d2f                              0x080006c9   Thumb Code    56  d2f.o(.text)
    __aeabi_cfcmpeq                          0x08000701   Thumb Code     0  cfcmple.o(.text)
    __aeabi_cfcmple                          0x08000701   Thumb Code    20  cfcmple.o(.text)
    __aeabi_cfrcmple                         0x08000715   Thumb Code    20  cfrcmple.o(.text)
    __aeabi_uidiv                            0x08000729   Thumb Code     0  uidiv.o(.text)
    __aeabi_uidivmod                         0x08000729   Thumb Code    44  uidiv.o(.text)
    __aeabi_uldivmod                         0x08000755   Thumb Code    98  uldiv.o(.text)
    __aeabi_llsl                             0x080007b7   Thumb Code    30  llshl.o(.text)
    _ll_shift_l                              0x080007b7   Thumb Code     0  llshl.o(.text)
    __aeabi_llsr                             0x080007d5   Thumb Code    32  llushr.o(.text)
    _ll_ushift_r                             0x080007d5   Thumb Code     0  llushr.o(.text)
    __aeabi_lasr                             0x080007f5   Thumb Code    36  llsshr.o(.text)
    _ll_sshift_r                             0x080007f5   Thumb Code     0  llsshr.o(.text)
    __I$use$fp                               0x08000819   Thumb Code     0  iusefp.o(.text)
    _float_round                             0x08000819   Thumb Code    18  fepilogue.o(.text)
    _float_epilogue                          0x0800082b   Thumb Code    92  fepilogue.o(.text)
    _double_round                            0x08000887   Thumb Code    30  depilogue.o(.text)
    _double_epilogue                         0x080008a5   Thumb Code   156  depilogue.o(.text)
    __ARM_scalbn                             0x08000941   Thumb Code    46  dscalb.o(.text)
    scalbn                                   0x08000941   Thumb Code     0  dscalb.o(.text)
    __aeabi_d2ulz                            0x0800096f   Thumb Code    48  dfixul.o(.text)
    __scatterload                            0x080009a1   Thumb Code    28  init.o(.text)
    __scatterload_rt2                        0x080009a1   Thumb Code     0  init.o(.text)
    BusFault_Handler                         0x080009c5   Thumb Code     4  stm32f10x_it.o(i.BusFault_Handler)
    DebugMon_Handler                         0x080009c9   Thumb Code     2  stm32f10x_it.o(i.DebugMon_Handler)
    GPIO_Init                                0x080009cb   Thumb Code   278  stm32f10x_gpio.o(i.GPIO_Init)
    HardFault_Handler                        0x08000ae1   Thumb Code     4  stm32f10x_it.o(i.HardFault_Handler)
    I2C_AcknowledgeConfig                    0x08000ae5   Thumb Code    24  stm32f10x_i2c.o(i.I2C_AcknowledgeConfig)
    I2C_CheckEvent                           0x08000afd   Thumb Code    42  stm32f10x_i2c.o(i.I2C_CheckEvent)
    I2C_Cmd                                  0x08000b27   Thumb Code    24  stm32f10x_i2c.o(i.I2C_Cmd)
    I2C_GenerateSTART                        0x08000b3f   Thumb Code    24  stm32f10x_i2c.o(i.I2C_GenerateSTART)
    I2C_GenerateSTOP                         0x08000b57   Thumb Code    24  stm32f10x_i2c.o(i.I2C_GenerateSTOP)
    I2C_GetFlagStatus                        0x08000b6f   Thumb Code    58  stm32f10x_i2c.o(i.I2C_GetFlagStatus)
    I2C_Init                                 0x08000ba9   Thumb Code   222  stm32f10x_i2c.o(i.I2C_Init)
    I2C_Receive                              0x08000c95   Thumb Code   136  mpu6050.o(i.I2C_Receive)
    I2C_ReceiveData                          0x08000d29   Thumb Code     8  stm32f10x_i2c.o(i.I2C_ReceiveData)
    I2C_Send7bitAddress                      0x08000d31   Thumb Code    18  stm32f10x_i2c.o(i.I2C_Send7bitAddress)
    I2C_SendData                             0x08000d43   Thumb Code     4  stm32f10x_i2c.o(i.I2C_SendData)
    I2C_StructInit                           0x08000d47   Thumb Code    30  stm32f10x_i2c.o(i.I2C_StructInit)
    I2C_Transmit                             0x08000d65   Thumb Code   116  mpu6050.o(i.I2C_Transmit)
    Kalman_Filter                            0x08000de5   Thumb Code   558  filter.o(i.Kalman_Filter)
    MPU_Init                                 0x0800105d   Thumb Code    96  mpu6050.o(i.MPU_Init)
    MPU_ReadAx                               0x080010c9   Thumb Code    14  mpu6050.o(i.MPU_ReadAx)
    MPU_ReadAz                               0x080010d7   Thumb Code    14  mpu6050.o(i.MPU_ReadAz)
    MPU_ReadBytes                            0x080010e5   Thumb Code    44  mpu6050.o(i.MPU_ReadBytes)
    MPU_ReadGy                               0x08001115   Thumb Code    14  mpu6050.o(i.MPU_ReadGy)
    MPU_ReadReg                              0x08001125   Thumb Code    40  mpu6050.o(i.MPU_ReadReg)
    MPU_ReadReg16                            0x08001151   Thumb Code    32  mpu6050.o(i.MPU_ReadReg16)
    MPU_SetScale                             0x08001171   Thumb Code    24  mpu6050.o(i.MPU_SetScale)
    MPU_WakeUp                               0x08001189   Thumb Code    12  mpu6050.o(i.MPU_WakeUp)
    MPU_WriteReg                             0x08001195   Thumb Code    32  mpu6050.o(i.MPU_WriteReg)
    MPU_isReady                              0x080011b9   Thumb Code    26  mpu6050.o(i.MPU_isReady)
    MemManage_Handler                        0x080011d3   Thumb Code     4  stm32f10x_it.o(i.MemManage_Handler)
    NMI_Handler                              0x080011d7   Thumb Code     2  stm32f10x_it.o(i.NMI_Handler)
    NVIC_PriorityGroupConfig                 0x080011d9   Thumb Code    10  misc.o(i.NVIC_PriorityGroupConfig)
    PendSV_Handler                           0x080011ed   Thumb Code     2  stm32f10x_it.o(i.PendSV_Handler)
    RCC_APB1PeriphClockCmd                   0x080011f1   Thumb Code    26  stm32f10x_rcc.o(i.RCC_APB1PeriphClockCmd)
    RCC_APB2PeriphClockCmd                   0x08001211   Thumb Code    26  stm32f10x_rcc.o(i.RCC_APB2PeriphClockCmd)
    RCC_GetClocksFreq                        0x08001231   Thumb Code   192  stm32f10x_rcc.o(i.RCC_GetClocksFreq)
    SVC_Handler                              0x08001305   Thumb Code     2  stm32f10x_it.o(i.SVC_Handler)
    SysTick_Handler                          0x080013f1   Thumb Code     2  stm32f10x_it.o(i.SysTick_Handler)
    SystemInit                               0x080013f5   Thumb Code    78  system_stm32f10x.o(i.SystemInit)
    TIM4_IRQHandler                          0x08001455   Thumb Code   658  main.o(i.TIM4_IRQHandler)
    TIM_CCxCmd                               0x08001761   Thumb Code    30  stm32f10x_tim.o(i.TIM_CCxCmd)
    TIM_ClearITPendingBit                    0x0800177f   Thumb Code     6  stm32f10x_tim.o(i.TIM_ClearITPendingBit)
    TIM_Cmd                                  0x08001785   Thumb Code    24  stm32f10x_tim.o(i.TIM_Cmd)
    TIM_EncoderInterfaceConfig               0x0800179d   Thumb Code    66  stm32f10x_tim.o(i.TIM_EncoderInterfaceConfig)
    TIM_GetCounter                           0x080017df   Thumb Code     6  stm32f10x_tim.o(i.TIM_GetCounter)
    TIM_ITConfig                             0x080017e5   Thumb Code    18  stm32f10x_tim.o(i.TIM_ITConfig)
    TIM_OC1Init                              0x080017f9   Thumb Code   132  stm32f10x_tim.o(i.TIM_OC1Init)
    TIM_OC2Init                              0x08001891   Thumb Code   154  stm32f10x_tim.o(i.TIM_OC2Init)
    TIM_OC3Init                              0x08001935   Thumb Code   150  stm32f10x_tim.o(i.TIM_OC3Init)
    TIM_OC4Init                              0x080019d5   Thumb Code   114  stm32f10x_tim.o(i.TIM_OC4Init)
    TIM_OCStructInit                         0x08001a51   Thumb Code    20  stm32f10x_tim.o(i.TIM_OCStructInit)
    TIM_SetCompare1                          0x08001a65   Thumb Code     4  stm32f10x_tim.o(i.TIM_SetCompare1)
    TIM_SetCompare2                          0x08001a69   Thumb Code     4  stm32f10x_tim.o(i.TIM_SetCompare2)
    TIM_SetCompare3                          0x08001a6d   Thumb Code     4  stm32f10x_tim.o(i.TIM_SetCompare3)
    TIM_SetCompare4                          0x08001a71   Thumb Code     6  stm32f10x_tim.o(i.TIM_SetCompare4)
    TIM_SetCounter                           0x08001a77   Thumb Code     4  stm32f10x_tim.o(i.TIM_SetCounter)
    TIM_TimeBaseInit                         0x08001a7d   Thumb Code   122  stm32f10x_tim.o(i.TIM_TimeBaseInit)
    TIM_TimeBaseStructInit                   0x08001b21   Thumb Code    18  stm32f10x_tim.o(i.TIM_TimeBaseStructInit)
    USART3_IRQHandler                        0x08001b35   Thumb Code   332  main.o(i.USART3_IRQHandler)
    USART_Cmd                                0x08001ca9   Thumb Code    24  stm32f10x_usart.o(i.USART_Cmd)
    USART_GetFlagStatus                      0x08001cc1   Thumb Code    26  stm32f10x_usart.o(i.USART_GetFlagStatus)
    USART_ITConfig                           0x08001cdb   Thumb Code    74  stm32f10x_usart.o(i.USART_ITConfig)
    USART_Init                               0x08001d25   Thumb Code   210  stm32f10x_usart.o(i.USART_Init)
    USART_ReceiveData                        0x08001dfd   Thumb Code    10  stm32f10x_usart.o(i.USART_ReceiveData)
    USART_SendData                           0x08001e07   Thumb Code     8  stm32f10x_usart.o(i.USART_SendData)
    UsageFault_Handler                       0x08001e0f   Thumb Code     4  stm32f10x_it.o(i.UsageFault_Handler)
    __0printf                                0x08001e15   Thumb Code    22  printfa.o(i.__0printf)
    __1printf                                0x08001e15   Thumb Code     0  printfa.o(i.__0printf)
    __2printf                                0x08001e15   Thumb Code     0  printfa.o(i.__0printf)
    __c89printf                              0x08001e15   Thumb Code     0  printfa.o(i.__0printf)
    printf                                   0x08001e15   Thumb Code     0  printfa.o(i.__0printf)
    __ARM_fpclassify                         0x08001e35   Thumb Code    40  fpclassify.o(i.__ARM_fpclassify)
    __kernel_poly                            0x08001e5d   Thumb Code   170  poly.o(i.__kernel_poly)
    __mathlib_dbl_infnan                     0x08001f07   Thumb Code     6  dunder.o(i.__mathlib_dbl_infnan)
    __mathlib_dbl_underflow                  0x08001f0d   Thumb Code    10  dunder.o(i.__mathlib_dbl_underflow)
    __scatterload_copy                       0x08001f1d   Thumb Code    14  handlers.o(i.__scatterload_copy)
    __scatterload_null                       0x08001f2b   Thumb Code     2  handlers.o(i.__scatterload_null)
    __scatterload_zeroinit                   0x08001f2d   Thumb Code    14  handlers.o(i.__scatterload_zeroinit)
    atan                                     0x080027d1   Thumb Code   474  atan.o(i.atan)
    balanceControl                           0x080029f1   Thumb Code    76  banlance.o(i.balanceControl)
    delay_init                               0x08002a45   Thumb Code    14  delay.o(i.delay_init)
    delay_ms                                 0x08002a59   Thumb Code    32  delay.o(i.delay_ms)
    directionControl                         0x08002a79   Thumb Code    78  banlance.o(i.directionControl)
    fputc                                    0x08002ad5   Thumb Code    32  uart.o(i.fputc)
    getAngle                                 0x08002af9   Thumb Code   132  banlance.o(i.getAngle)
    main                                     0x08002b89   Thumb Code    92  main.o(i.main)
    pwmOutputL                               0x08002c55   Thumb Code    72  banlance.o(i.pwmOutputL)
    pwmOutputR                               0x08002ca1   Thumb Code    72  banlance.o(i.pwmOutputR)
    speedControl                             0x08002ced   Thumb Code   176  banlance.o(i.speedControl)
    tim_encoder_init                         0x08002db9   Thumb Code   126  main.o(i.tim_encoder_init)
    tim_irq_init                             0x08002e45   Thumb Code   118  main.o(i.tim_irq_init)
    tim_pwm_init                             0x08002ec9   Thumb Code   190  main.o(i.tim_pwm_init)
    uart_init                                0x08002f8d   Thumb Code   188  uart.o(i.uart_init)
    Region$$Table$$Base                      0x080030f0   Number         0  anon$$obj.o(Region$$Table)
    Region$$Table$$Limit                     0x08003110   Number         0  anon$$obj.o(Region$$Table)
    SPEED_KP                                 0x20000000   Data           4  banlance.o(.data)
    SPEED_KI                                 0x20000004   Data           4  banlance.o(.data)
    SPEED_KD                                 0x20000008   Data           4  banlance.o(.data)
    BALANCE_KP                               0x2000000c   Data           4  banlance.o(.data)
    BALANCE_KD                               0x20000010   Data           4  banlance.o(.data)
    DIRECTION_KP                             0x20000014   Data           4  banlance.o(.data)
    DIRECTION_KD                             0x20000018   Data           4  banlance.o(.data)
    DEAD_PWM                                 0x20000028   Data           4  main.o(.data)
    ControlSpeed                             0x2000002c   Data           4  main.o(.data)
    ControlDir                               0x20000030   Data           4  main.o(.data)
    K1                                       0x20000048   Data           4  filter.o(.data)
    angle                                    0x2000004c   Data           4  filter.o(.data)
    angle_dot                                0x20000050   Data           4  filter.o(.data)
    Q_angle                                  0x20000054   Data           4  filter.o(.data)
    Q_gyro                                   0x20000058   Data           4  filter.o(.data)
    R_angle                                  0x2000005c   Data           4  filter.o(.data)
    dt                                       0x20000060   Data           4  filter.o(.data)
    C_0                                      0x20000064   Data           1  filter.o(.data)
    Q_bias                                   0x20000068   Data           4  filter.o(.data)
    Angle_err                                0x2000006c   Data           4  filter.o(.data)
    PCt_0                                    0x20000070   Data           4  filter.o(.data)
    PCt_1                                    0x20000074   Data           4  filter.o(.data)
    E                                        0x20000078   Data           4  filter.o(.data)
    K_0                                      0x2000007c   Data           4  filter.o(.data)
    K_1                                      0x20000080   Data           4  filter.o(.data)
    t_0                                      0x20000084   Data           4  filter.o(.data)
    t_1                                      0x20000088   Data           4  filter.o(.data)
    PP                                       0x2000008c   Data          16  filter.o(.data)
    __stdout                                 0x200000b0   Data           4  stdout.o(.data)
    Pdot                                     0x200000b4   Data          16  filter.o(.bss)
    __initial_sp                             0x200004c8   Data           0  startup_stm32f10x_md.o(STACK)



==============================================================================

Memory Map of the image

  Image Entry point : 0x080000ed

  Load Region LR_IROM1 (Base: 0x08000000, Size: 0x000031c4, Max: 0x00010000, ABSOLUTE)

    Execution Region ER_IROM1 (Base: 0x08000000, Size: 0x00003110, Max: 0x00010000, ABSOLUTE)

    Base Addr    Size         Type   Attr      Idx    E Section Name        Object

    0x08000000   0x000000ec   Data   RO          519    RESET               startup_stm32f10x_md.o
    0x080000ec   0x00000000   Code   RO         3501  * .ARM.Collect$$$$00000000  mc_w.l(entry.o)
    0x080000ec   0x00000004   Code   RO         3815    .ARM.Collect$$$$00000001  mc_w.l(entry2.o)
    0x080000f0   0x00000004   Code   RO         3818    .ARM.Collect$$$$00000004  mc_w.l(entry5.o)
    0x080000f4   0x00000000   Code   RO         3820    .ARM.Collect$$$$00000008  mc_w.l(entry7b.o)
    0x080000f4   0x00000000   Code   RO         3822    .ARM.Collect$$$$0000000A  mc_w.l(entry8b.o)
    0x080000f4   0x00000008   Code   RO         3823    .ARM.Collect$$$$0000000B  mc_w.l(entry9a.o)
    0x080000fc   0x00000000   Code   RO         3825    .ARM.Collect$$$$0000000D  mc_w.l(entry10a.o)
    0x080000fc   0x00000000   Code   RO         3827    .ARM.Collect$$$$0000000F  mc_w.l(entry11a.o)
    0x080000fc   0x00000004   Code   RO         3816    .ARM.Collect$$$$00002712  mc_w.l(entry2.o)
    0x08000100   0x00000024   Code   RO          520    .text               startup_stm32f10x_md.o
    0x08000124   0x000000b0   Code   RO         3765    .text               mf_w.l(fadd.o)
    0x080001d4   0x00000064   Code   RO         3767    .text               mf_w.l(fmul.o)
    0x08000238   0x0000007c   Code   RO         3769    .text               mf_w.l(fdiv.o)
    0x080002b4   0x0000014e   Code   RO         3771    .text               mf_w.l(dadd.o)
    0x08000402   0x000000e4   Code   RO         3773    .text               mf_w.l(dmul.o)
    0x080004e6   0x000000de   Code   RO         3775    .text               mf_w.l(ddiv.o)
    0x080005c4   0x00000012   Code   RO         3777    .text               mf_w.l(fflti.o)
    0x080005d6   0x0000000a   Code   RO         3779    .text               mf_w.l(ffltui.o)
    0x080005e0   0x00000022   Code   RO         3781    .text               mf_w.l(dflti.o)
    0x08000602   0x00000032   Code   RO         3783    .text               mf_w.l(ffixi.o)
    0x08000634   0x0000003e   Code   RO         3785    .text               mf_w.l(dfixi.o)
    0x08000672   0x00000026   Code   RO         3787    .text               mf_w.l(f2d.o)
    0x08000698   0x00000030   Code   RO         3789    .text               mf_w.l(cdrcmple.o)
    0x080006c8   0x00000038   Code   RO         3791    .text               mf_w.l(d2f.o)
    0x08000700   0x00000014   Code   RO         3793    .text               mf_w.l(cfcmple.o)
    0x08000714   0x00000014   Code   RO         3795    .text               mf_w.l(cfrcmple.o)
    0x08000728   0x0000002c   Code   RO         3830    .text               mc_w.l(uidiv.o)
    0x08000754   0x00000062   Code   RO         3832    .text               mc_w.l(uldiv.o)
    0x080007b6   0x0000001e   Code   RO         3834    .text               mc_w.l(llshl.o)
    0x080007d4   0x00000020   Code   RO         3836    .text               mc_w.l(llushr.o)
    0x080007f4   0x00000024   Code   RO         3838    .text               mc_w.l(llsshr.o)
    0x08000818   0x00000000   Code   RO         3840    .text               mc_w.l(iusefp.o)
    0x08000818   0x0000006e   Code   RO         3841    .text               mf_w.l(fepilogue.o)
    0x08000886   0x000000ba   Code   RO         3843    .text               mf_w.l(depilogue.o)
    0x08000940   0x0000002e   Code   RO         3845    .text               mf_w.l(dscalb.o)
    0x0800096e   0x00000030   Code   RO         3847    .text               mf_w.l(dfixul.o)
    0x0800099e   0x00000002   PAD
    0x080009a0   0x00000024   Code   RO         3849    .text               mc_w.l(init.o)
    0x080009c4   0x00000004   Code   RO          439    i.BusFault_Handler  stm32f10x_it.o
    0x080009c8   0x00000002   Code   RO          440    i.DebugMon_Handler  stm32f10x_it.o
    0x080009ca   0x00000116   Code   RO         1675    i.GPIO_Init         stm32f10x_gpio.o
    0x08000ae0   0x00000004   Code   RO          441    i.HardFault_Handler  stm32f10x_it.o
    0x08000ae4   0x00000018   Code   RO         1784    i.I2C_AcknowledgeConfig  stm32f10x_i2c.o
    0x08000afc   0x0000002a   Code   RO         1786    i.I2C_CheckEvent    stm32f10x_i2c.o
    0x08000b26   0x00000018   Code   RO         1789    i.I2C_Cmd           stm32f10x_i2c.o
    0x08000b3e   0x00000018   Code   RO         1796    i.I2C_GenerateSTART  stm32f10x_i2c.o
    0x08000b56   0x00000018   Code   RO         1797    i.I2C_GenerateSTOP  stm32f10x_i2c.o
    0x08000b6e   0x0000003a   Code   RO         1798    i.I2C_GetFlagStatus  stm32f10x_i2c.o
    0x08000ba8   0x000000ec   Code   RO         1803    i.I2C_Init          stm32f10x_i2c.o
    0x08000c94   0x00000094   Code   RO          147    i.I2C_Receive       mpu6050.o
    0x08000d28   0x00000008   Code   RO         1808    i.I2C_ReceiveData   stm32f10x_i2c.o
    0x08000d30   0x00000012   Code   RO         1810    i.I2C_Send7bitAddress  stm32f10x_i2c.o
    0x08000d42   0x00000004   Code   RO         1811    i.I2C_SendData      stm32f10x_i2c.o
    0x08000d46   0x0000001e   Code   RO         1814    i.I2C_StructInit    stm32f10x_i2c.o
    0x08000d64   0x00000080   Code   RO          148    i.I2C_Transmit      mpu6050.o
    0x08000de4   0x00000278   Code   RO          358    i.Kalman_Filter     filter.o
    0x0800105c   0x0000006c   Code   RO          149    i.MPU_Init          mpu6050.o
    0x080010c8   0x0000000e   Code   RO          150    i.MPU_ReadAx        mpu6050.o
    0x080010d6   0x0000000e   Code   RO          152    i.MPU_ReadAz        mpu6050.o
    0x080010e4   0x00000030   Code   RO          153    i.MPU_ReadBytes     mpu6050.o
    0x08001114   0x0000000e   Code   RO          155    i.MPU_ReadGy        mpu6050.o
    0x08001122   0x00000002   PAD
    0x08001124   0x0000002c   Code   RO          157    i.MPU_ReadReg       mpu6050.o
    0x08001150   0x00000020   Code   RO          158    i.MPU_ReadReg16     mpu6050.o
    0x08001170   0x00000018   Code   RO          159    i.MPU_SetScale      mpu6050.o
    0x08001188   0x0000000c   Code   RO          160    i.MPU_WakeUp        mpu6050.o
    0x08001194   0x00000024   Code   RO          161    i.MPU_WriteReg      mpu6050.o
    0x080011b8   0x0000001a   Code   RO          162    i.MPU_isReady       mpu6050.o
    0x080011d2   0x00000004   Code   RO          442    i.MemManage_Handler  stm32f10x_it.o
    0x080011d6   0x00000002   Code   RO          443    i.NMI_Handler       stm32f10x_it.o
    0x080011d8   0x00000014   Code   RO          525    i.NVIC_PriorityGroupConfig  misc.o
    0x080011ec   0x00000002   Code   RO          444    i.PendSV_Handler    stm32f10x_it.o
    0x080011ee   0x00000002   PAD
    0x080011f0   0x00000020   Code   RO         2091    i.RCC_APB1PeriphClockCmd  stm32f10x_rcc.o
    0x08001210   0x00000020   Code   RO         2093    i.RCC_APB2PeriphClockCmd  stm32f10x_rcc.o
    0x08001230   0x000000d4   Code   RO         2101    i.RCC_GetClocksFreq  stm32f10x_rcc.o
    0x08001304   0x00000002   Code   RO          445    i.SVC_Handler       stm32f10x_it.o
    0x08001306   0x00000008   Code   RO          383    i.SetSysClock       system_stm32f10x.o
    0x0800130e   0x00000002   PAD
    0x08001310   0x000000e0   Code   RO          384    i.SetSysClockTo72   system_stm32f10x.o
    0x080013f0   0x00000002   Code   RO          446    i.SysTick_Handler   stm32f10x_it.o
    0x080013f2   0x00000002   PAD
    0x080013f4   0x00000060   Code   RO          386    i.SystemInit        system_stm32f10x.o
    0x08001454   0x0000030c   Code   RO          249    i.TIM4_IRQHandler   main.o
    0x08001760   0x0000001e   Code   RO         2717    i.TIM_CCxCmd        stm32f10x_tim.o
    0x0800177e   0x00000006   Code   RO         2720    i.TIM_ClearITPendingBit  stm32f10x_tim.o
    0x08001784   0x00000018   Code   RO         2725    i.TIM_Cmd           stm32f10x_tim.o
    0x0800179c   0x00000042   Code   RO         2734    i.TIM_EncoderInterfaceConfig  stm32f10x_tim.o
    0x080017de   0x00000006   Code   RO         2744    i.TIM_GetCounter    stm32f10x_tim.o
    0x080017e4   0x00000012   Code   RO         2750    i.TIM_ITConfig      stm32f10x_tim.o
    0x080017f6   0x00000002   PAD
    0x080017f8   0x00000098   Code   RO         2754    i.TIM_OC1Init       stm32f10x_tim.o
    0x08001890   0x000000a4   Code   RO         2759    i.TIM_OC2Init       stm32f10x_tim.o
    0x08001934   0x000000a0   Code   RO         2764    i.TIM_OC3Init       stm32f10x_tim.o
    0x080019d4   0x0000007c   Code   RO         2769    i.TIM_OC4Init       stm32f10x_tim.o
    0x08001a50   0x00000014   Code   RO         2772    i.TIM_OCStructInit  stm32f10x_tim.o
    0x08001a64   0x00000004   Code   RO         2786    i.TIM_SetCompare1   stm32f10x_tim.o
    0x08001a68   0x00000004   Code   RO         2787    i.TIM_SetCompare2   stm32f10x_tim.o
    0x08001a6c   0x00000004   Code   RO         2788    i.TIM_SetCompare3   stm32f10x_tim.o
    0x08001a70   0x00000006   Code   RO         2789    i.TIM_SetCompare4   stm32f10x_tim.o
    0x08001a76   0x00000004   Code   RO         2790    i.TIM_SetCounter    stm32f10x_tim.o
    0x08001a7a   0x00000002   PAD
    0x08001a7c   0x000000a4   Code   RO         2796    i.TIM_TimeBaseInit  stm32f10x_tim.o
    0x08001b20   0x00000012   Code   RO         2797    i.TIM_TimeBaseStructInit  stm32f10x_tim.o
    0x08001b32   0x00000002   PAD
    0x08001b34   0x00000174   Code   RO          250    i.USART3_IRQHandler  main.o
    0x08001ca8   0x00000018   Code   RO         3261    i.USART_Cmd         stm32f10x_usart.o
    0x08001cc0   0x0000001a   Code   RO         3264    i.USART_GetFlagStatus  stm32f10x_usart.o
    0x08001cda   0x0000004a   Code   RO         3267    i.USART_ITConfig    stm32f10x_usart.o
    0x08001d24   0x000000d8   Code   RO         3268    i.USART_Init        stm32f10x_usart.o
    0x08001dfc   0x0000000a   Code   RO         3275    i.USART_ReceiveData  stm32f10x_usart.o
    0x08001e06   0x00000008   Code   RO         3278    i.USART_SendData    stm32f10x_usart.o
    0x08001e0e   0x00000004   Code   RO          447    i.UsageFault_Handler  stm32f10x_it.o
    0x08001e12   0x00000002   PAD
    0x08001e14   0x00000020   Code   RO         3737    i.__0printf         mc_w.l(printfa.o)
    0x08001e34   0x00000028   Code   RO         3811    i.__ARM_fpclassify  m_ws.l(fpclassify.o)
    0x08001e5c   0x000000aa   Code   RO         3813    i.__kernel_poly     m_ws.l(poly.o)
    0x08001f06   0x00000006   Code   RO         3798    i.__mathlib_dbl_infnan  m_ws.l(dunder.o)
    0x08001f0c   0x00000010   Code   RO         3803    i.__mathlib_dbl_underflow  m_ws.l(dunder.o)
    0x08001f1c   0x0000000e   Code   RO         3853    i.__scatterload_copy  mc_w.l(handlers.o)
    0x08001f2a   0x00000002   Code   RO         3854    i.__scatterload_null  mc_w.l(handlers.o)
    0x08001f2c   0x0000000e   Code   RO         3855    i.__scatterload_zeroinit  mc_w.l(handlers.o)
    0x08001f3a   0x00000002   PAD
    0x08001f3c   0x00000164   Code   RO         3744    i._fp_digits        mc_w.l(printfa.o)
    0x080020a0   0x000006dc   Code   RO         3745    i._printf_core      mc_w.l(printfa.o)
    0x0800277c   0x00000024   Code   RO         3746    i._printf_post_padding  mc_w.l(printfa.o)
    0x080027a0   0x0000002e   Code   RO         3747    i._printf_pre_padding  mc_w.l(printfa.o)
    0x080027ce   0x00000002   PAD
    0x080027d0   0x00000220   Code   RO         3492    i.atan              m_ws.l(atan.o)
    0x080029f0   0x00000054   Code   RO            1    i.balanceControl    banlance.o
    0x08002a44   0x00000014   Code   RO          334    i.delay_init        delay.o
    0x08002a58   0x00000020   Code   RO          335    i.delay_ms          delay.o
    0x08002a78   0x0000005c   Code   RO            2    i.directionControl  banlance.o
    0x08002ad4   0x00000024   Code   RO          316    i.fputc             uart.o
    0x08002af8   0x00000090   Code   RO            3    i.getAngle          banlance.o
    0x08002b88   0x000000cc   Code   RO          251    i.main              main.o
    0x08002c54   0x0000004c   Code   RO            4    i.pwmOutputL        banlance.o
    0x08002ca0   0x0000004c   Code   RO            5    i.pwmOutputR        banlance.o
    0x08002cec   0x000000cc   Code   RO            6    i.speedControl      banlance.o
    0x08002db8   0x0000008c   Code   RO          252    i.tim_encoder_init  main.o
    0x08002e44   0x00000084   Code   RO          253    i.tim_irq_init      main.o
    0x08002ec8   0x000000c4   Code   RO          254    i.tim_pwm_init      main.o
    0x08002f8c   0x000000cc   Code   RO          317    i.uart_init         uart.o
    0x08003058   0x00000098   Data   RO         3493    .constdata          m_ws.l(atan.o)
    0x080030f0   0x00000020   Data   RO         3851    Region$$Table       anon$$obj.o


    Execution Region RW_IRAM1 (Base: 0x20000000, Size: 0x000004c8, Max: 0x00005000, ABSOLUTE)

    Base Addr    Size         Type   Attr      Idx    E Section Name        Object

    0x20000000   0x00000028   Data   RW            7    .data               banlance.o
    0x20000028   0x00000020   Data   RW          255    .data               main.o
    0x20000048   0x00000054   Data   RW          361    .data               filter.o
    0x2000009c   0x00000014   Data   RW         2121    .data               stm32f10x_rcc.o
    0x200000b0   0x00000004   Data   RW         3829    .data               mc_w.l(stdout.o)
    0x200000b4   0x00000010   Zero   RW          360    .bss                filter.o
    0x200000c4   0x00000004   PAD
    0x200000c8   0x00000400   Zero   RW          517    STACK               startup_stm32f10x_md.o


==============================================================================

Image component sizes


      Code (inc. data)   RO Data    RW Data    ZI Data      Debug   Object Name

       676         70          0         40          0     261801   banlance.o
         0          0          0          0          0         32   core_cm3.o
        52          6          0          0          0        776   delay.o
       632         74          0         84         16       1482   filter.o
      1824        308          0         32          0      20036   main.o
        20         10          0          0          0        439   misc.o
       648         48          0          0          0       6666   mpu6050.o
        36          8        236          0       1024        744   startup_stm32f10x_md.o
       278          0          0          0          0       1788   stm32f10x_gpio.o
       492         14          0          0          0       7277   stm32f10x_i2c.o
        26          0          0          0          0       3394   stm32f10x_it.o
       276         32          0         20          0       4070   stm32f10x_rcc.o
       974         92          0          0          0       9960   stm32f10x_tim.o
       358          6          0          0          0       4829   stm32f10x_usart.o
       328         28          0          0          0       1661   system_stm32f10x.o
       240         20          0          0          0       1200   uart.o

    ----------------------------------------------------------------------
      6876        716        268        176       1044     326155   Object Totals
         0          0         32          0          0          0   (incl. Generated)
        16          0          0          0          4          0   (incl. Padding)

    ----------------------------------------------------------------------

      Code (inc. data)   RO Data    RW Data    ZI Data      Debug   Library Member Name

       544         70        152          0          0        124   atan.o
        22          6          0          0          0        136   dunder.o
        40          0          0          0          0         68   fpclassify.o
       170          0          0          0          0         96   poly.o
         0          0          0          0          0          0   entry.o
         0          0          0          0          0          0   entry10a.o
         0          0          0          0          0          0   entry11a.o
         8          4          0          0          0          0   entry2.o
         4          0          0          0          0          0   entry5.o
         0          0          0          0          0          0   entry7b.o
         0          0          0          0          0          0   entry8b.o
         8          4          0          0          0          0   entry9a.o
        30          0          0          0          0          0   handlers.o
        36          8          0          0          0         68   init.o
         0          0          0          0          0          0   iusefp.o
        30          0          0          0          0         68   llshl.o
        36          0          0          0          0         68   llsshr.o
        32          0          0          0          0         68   llushr.o
      2226         90          0          0          0        444   printfa.o
         0          0          0          4          0          0   stdout.o
        44          0          0          0          0         80   uidiv.o
        98          0          0          0          0         92   uldiv.o
        48          0          0          0          0         68   cdrcmple.o
        20          0          0          0          0         68   cfcmple.o
        20          0          0          0          0         68   cfrcmple.o
        56          0          0          0          0         88   d2f.o
       334          0          0          0          0        148   dadd.o
       222          0          0          0          0        100   ddiv.o
       186          0          0          0          0        176   depilogue.o
        62          0          0          0          0         80   dfixi.o
        48          0          0          0          0         68   dfixul.o
        34          0          0          0          0         76   dflti.o
       228          0          0          0          0         96   dmul.o
        46          0          0          0          0         80   dscalb.o
        38          0          0          0          0         68   f2d.o
       176          0          0          0          0        140   fadd.o
       124          0          0          0          0         88   fdiv.o
       110          0          0          0          0        168   fepilogue.o
        50          0          0          0          0         68   ffixi.o
        18          0          0          0          0         68   fflti.o
        10          0          0          0          0         68   ffltui.o
       100          0          0          0          0         76   fmul.o

    ----------------------------------------------------------------------
      5264        182        152          4          0       3172   Library Totals
         6          0          0          0          0          0   (incl. Padding)

    ----------------------------------------------------------------------

      Code (inc. data)   RO Data    RW Data    ZI Data      Debug   Library Name

       776         76        152          0          0        424   m_ws.l
      2552        106          0          4          0        888   mc_w.l
      1930          0          0          0          0       1860   mf_w.l

    ----------------------------------------------------------------------
      5264        182        152          4          0       3172   Library Totals

    ----------------------------------------------------------------------

==============================================================================


      Code (inc. data)   RO Data    RW Data    ZI Data      Debug   

     12140        898        420        180       1044     323655   Grand Totals
     12140        898        420        180       1044     323655   ELF Image Totals
     12140        898        420        180          0          0   ROM Totals

==============================================================================

    Total RO  Size (Code + RO Data)                12560 (  12.27kB)
    Total RW  Size (RW Data + ZI Data)              1224 (   1.20kB)
    Total ROM Size (Code + RO Data + RW Data)      12740 (  12.44kB)

==============================================================================

